Archive member included to satisfy reference by file (symbol)

c:/st/stm32cubeide_1.7.0/stm32cubeide/plugins/com.st.stm32cube.ide.mcu.externaltools.gnu-tools-for-stm32.9-2020-q2-update.win32_2.0.0.202105311346/tools/bin/../lib/gcc/arm-none-eabi/9.3.1/../../../../arm-none-eabi/lib/thumb/v7e-m+fp/hard\libc_nano.a(lib_a-errno.o)
                              ./Core/Src/syscalls.o (__errno)
c:/st/stm32cubeide_1.7.0/stm32cubeide/plugins/com.st.stm32cube.ide.mcu.externaltools.gnu-tools-for-stm32.9-2020-q2-update.win32_2.0.0.202105311346/tools/bin/../lib/gcc/arm-none-eabi/9.3.1/../../../../arm-none-eabi/lib/thumb/v7e-m+fp/hard\libc_nano.a(lib_a-exit.o)
                              c:/st/stm32cubeide_1.7.0/stm32cubeide/plugins/com.st.stm32cube.ide.mcu.externaltools.gnu-tools-for-stm32.9-2020-q2-update.win32_2.0.0.202105311346/tools/bin/../lib/gcc/arm-none-eabi/9.3.1/../../../../arm-none-eabi/lib/thumb/v7e-m+fp/hard/crt0.o (exit)
c:/st/stm32cubeide_1.7.0/stm32cubeide/plugins/com.st.stm32cube.ide.mcu.externaltools.gnu-tools-for-stm32.9-2020-q2-update.win32_2.0.0.202105311346/tools/bin/../lib/gcc/arm-none-eabi/9.3.1/../../../../arm-none-eabi/lib/thumb/v7e-m+fp/hard\libc_nano.a(lib_a-impure.o)
                              c:/st/stm32cubeide_1.7.0/stm32cubeide/plugins/com.st.stm32cube.ide.mcu.externaltools.gnu-tools-for-stm32.9-2020-q2-update.win32_2.0.0.202105311346/tools/bin/../lib/gcc/arm-none-eabi/9.3.1/../../../../arm-none-eabi/lib/thumb/v7e-m+fp/hard\libc_nano.a(lib_a-exit.o) (_global_impure_ptr)
c:/st/stm32cubeide_1.7.0/stm32cubeide/plugins/com.st.stm32cube.ide.mcu.externaltools.gnu-tools-for-stm32.9-2020-q2-update.win32_2.0.0.202105311346/tools/bin/../lib/gcc/arm-none-eabi/9.3.1/../../../../arm-none-eabi/lib/thumb/v7e-m+fp/hard\libc_nano.a(lib_a-init.o)
                              c:/st/stm32cubeide_1.7.0/stm32cubeide/plugins/com.st.stm32cube.ide.mcu.externaltools.gnu-tools-for-stm32.9-2020-q2-update.win32_2.0.0.202105311346/tools/bin/../lib/gcc/arm-none-eabi/9.3.1/../../../../arm-none-eabi/lib/thumb/v7e-m+fp/hard/crt0.o (__libc_init_array)
c:/st/stm32cubeide_1.7.0/stm32cubeide/plugins/com.st.stm32cube.ide.mcu.externaltools.gnu-tools-for-stm32.9-2020-q2-update.win32_2.0.0.202105311346/tools/bin/../lib/gcc/arm-none-eabi/9.3.1/../../../../arm-none-eabi/lib/thumb/v7e-m+fp/hard\libc_nano.a(lib_a-memset.o)
                              c:/st/stm32cubeide_1.7.0/stm32cubeide/plugins/com.st.stm32cube.ide.mcu.externaltools.gnu-tools-for-stm32.9-2020-q2-update.win32_2.0.0.202105311346/tools/bin/../lib/gcc/arm-none-eabi/9.3.1/../../../../arm-none-eabi/lib/thumb/v7e-m+fp/hard/crt0.o (memset)
c:/st/stm32cubeide_1.7.0/stm32cubeide/plugins/com.st.stm32cube.ide.mcu.externaltools.gnu-tools-for-stm32.9-2020-q2-update.win32_2.0.0.202105311346/tools/bin/../lib/gcc/arm-none-eabi/9.3.1/../../../../arm-none-eabi/lib/thumb/v7e-m+fp/hard\libc_nano.a(lib_a-sprintf.o)
                              ./Core/Src/main.o (sprintf)
c:/st/stm32cubeide_1.7.0/stm32cubeide/plugins/com.st.stm32cube.ide.mcu.externaltools.gnu-tools-for-stm32.9-2020-q2-update.win32_2.0.0.202105311346/tools/bin/../lib/gcc/arm-none-eabi/9.3.1/../../../../arm-none-eabi/lib/thumb/v7e-m+fp/hard\libc_nano.a(lib_a-strlen.o)
                              ./Core/Src/main.o (strlen)
c:/st/stm32cubeide_1.7.0/stm32cubeide/plugins/com.st.stm32cube.ide.mcu.externaltools.gnu-tools-for-stm32.9-2020-q2-update.win32_2.0.0.202105311346/tools/bin/../lib/gcc/arm-none-eabi/9.3.1/../../../../arm-none-eabi/lib/thumb/v7e-m+fp/hard\libc_nano.a(lib_a-nano-svfprintf.o)
                              c:/st/stm32cubeide_1.7.0/stm32cubeide/plugins/com.st.stm32cube.ide.mcu.externaltools.gnu-tools-for-stm32.9-2020-q2-update.win32_2.0.0.202105311346/tools/bin/../lib/gcc/arm-none-eabi/9.3.1/../../../../arm-none-eabi/lib/thumb/v7e-m+fp/hard\libc_nano.a(lib_a-sprintf.o) (_svfprintf_r)
c:/st/stm32cubeide_1.7.0/stm32cubeide/plugins/com.st.stm32cube.ide.mcu.externaltools.gnu-tools-for-stm32.9-2020-q2-update.win32_2.0.0.202105311346/tools/bin/../lib/gcc/arm-none-eabi/9.3.1/../../../../arm-none-eabi/lib/thumb/v7e-m+fp/hard\libc_nano.a(lib_a-nano-vfprintf_i.o)
                              c:/st/stm32cubeide_1.7.0/stm32cubeide/plugins/com.st.stm32cube.ide.mcu.externaltools.gnu-tools-for-stm32.9-2020-q2-update.win32_2.0.0.202105311346/tools/bin/../lib/gcc/arm-none-eabi/9.3.1/../../../../arm-none-eabi/lib/thumb/v7e-m+fp/hard\libc_nano.a(lib_a-nano-svfprintf.o) (_printf_i)
c:/st/stm32cubeide_1.7.0/stm32cubeide/plugins/com.st.stm32cube.ide.mcu.externaltools.gnu-tools-for-stm32.9-2020-q2-update.win32_2.0.0.202105311346/tools/bin/../lib/gcc/arm-none-eabi/9.3.1/../../../../arm-none-eabi/lib/thumb/v7e-m+fp/hard\libc_nano.a(lib_a-memchr.o)
[...]
Memory Configuration

Name             Origin             Length             Attributes
CCMRAM           0x0000000010000000 0x0000000000010000 xrw
RAM              0x0000000020000000 0x0000000000020000 xrw
FLASH            0x0000000008000000 0x0000000000100000 xr
*default*        0x0000000000000000 0xffffffffffffffff

Linker script and memory map

LOAD c:/st/stm32cubeide_1.7.0/stm32cubeide/plugins/com.st.stm32cube.ide.mcu.externaltools.gnu-tools-for-stm32.9-2020-q2-update.win32_2.0.0.202105311346/tools/bin/../lib/gcc/arm-none-eabi/9.3.1/thumb/v7e-m+fp/hard/crti.o
LOAD c:/st/stm32cubeide_1.7.0/stm32cubeide/plugins/com.st.stm32cube.ide.mcu.externaltools.gnu-tools-for-stm32.9-2020-q2-update.win32_2.0.0.202105311346/tools/bin/../lib/gcc/arm-none-eabi/9.3.1/thumb/v7e-m+fp/hard/crtbegin.o
LOAD c:/st/stm32cubeide_1.7.0/stm32cubeide/plugins/com.st.stm32cube.ide.mcu.externaltools.gnu-tools-for-stm32.9-2020-q2-update.win32_2.0.0.202105311346/tools/bin/../lib/gcc/arm-none-eabi/9.3.1/../../../../arm-none-eabi/lib/thumb/v7e-m+fp/hard/crt0.o
LOAD ./Core/Src/fatfs_sd.o
LOAD ./Core/Src/main.o
LOAD ./Core/Src/stm32f4xx_hal_msp.o
LOAD ./Core/Src/stm32f4xx_it.o
LOAD ./Core/Src/syscalls.o
LOAD ./Core/Src/sysmem.o
LOAD ./Core/Src/system_stm32f4xx.o
LOAD ./Core/Startup/startup_stm32f407vgtx.o
LOAD ./Drivers/STM32F4xx_HAL_Driver/Src/stm32f4xx_hal.o
LOAD ./Drivers/STM32F4xx_HAL_Driver/Src/stm32f4xx_hal_cortex.o
LOAD ./Drivers/STM32F4xx_HAL_Driver/Src/stm32f4xx_hal_dma.o
LOAD ./Drivers/STM32F4xx_HAL_Driver/Src/stm32f4xx_hal_dma_ex.o
LOAD ./Drivers/STM32F4xx_HAL_Driver/Src/stm32f4xx_hal_exti.o
LOAD ./Drivers/STM32F4xx_HAL_Driver/Src/stm32f4xx_hal_flash.o
LOAD ./Drivers/STM32F4xx_HAL_Driver/Src/stm32f4xx_hal_flash_ex.o
LOAD ./Drivers/STM32F4xx_HAL_Driver/Src/stm32f4xx_hal_flash_ramfunc.o
LOAD ./Drivers/STM32F4xx_HAL_Driver/Src/stm32f4xx_hal_gpio.o
LOAD ./Drivers/STM32F4xx_HAL_Driver/Src/stm32f4xx_hal_pwr.o
LOAD ./Drivers/STM32F4xx_HAL_Driver/Src/stm32f4xx_hal_pwr_ex.o
LOAD ./Drivers/STM32F4xx_HAL_Driver/Src/stm32f4xx_hal_rcc.o
LOAD ./Drivers/STM32F4xx_HAL_Driver/Src/stm32f4xx_hal_rcc_ex.o
LOAD ./Drivers/STM32F4xx_HAL_Driver/Src/stm32f4xx_hal_spi.o
LOAD ./Drivers/STM32F4xx_HAL_Driver/Src/stm32f4xx_hal_tim.o
LOAD ./Drivers/STM32F4xx_HAL_Driver/Src/stm32f4xx_hal_tim_ex.o
LOAD ./Drivers/STM32F4xx_HAL_Driver/Src/stm32f4xx_hal_uart.o
LOAD ./FATFS/App/fatfs.o
LOAD ./FATFS/Target/user_diskio.o
LOAD ./Middlewares/Third_Party/FatFs/src/diskio.o
LOAD ./Middlewares/Third_Party/FatFs/src/ff.o
LOAD ./Middlewares/Third_Party/FatFs/src/ff_gen_drv.o
LOAD ./Middlewares/Third_Party/FatFs/src/option/ccsbcs.o
LOAD ./Middlewares/Third_Party/FatFs/src/option/syscall.o
START GROUP
LOAD c:/st/stm32cubeide_1.7.0/stm32cubeide/plugins/com.st.stm32cube.ide.mcu.externaltools.gnu-tools-for-stm32.9-2020-q2-update.win32_2.0.0.202105311346/tools/bin/../lib/gcc/arm-none-eabi/9.3.1/../../../../arm-none-eabi/lib/thumb/v7e-m+fp/hard\libc_nano.a
LOAD c:/st/stm32cubeide_1.7.0/stm32cubeide/plugins/com.st.stm32cube.ide.mcu.externaltools.gnu-tools-for-stm32.9-2020-q2-update.win32_2.0.0.202105311346/tools/bin/../lib/gcc/arm-none-eabi/9.3.1/../../../../arm-none-eabi/lib/thumb/v7e-m+fp/hard\libm.a
END GROUP
START GROUP
LOAD c:/st/stm32cubeide_1.7.0/stm32cubeide/plugins/com.st.stm32cube.ide.mcu.externaltools.gnu-tools-for-stm32.9-2020-q2-update.win32_2.0.0.202105311346/tools/bin/../lib/gcc/arm-none-eabi/9.3.1/thumb/v7e-m+fp/hard\libgcc.a
LOAD c:/st/stm32cubeide_1.7.0/stm32cubeide/plugins/com.st.stm32cube.ide.mcu.externaltools.gnu-tools-for-stm32.9-2020-q2-update.win32_2.0.0.202105311346/tools/bin/../lib/gcc/arm-none-eabi/9.3.1/../../../../arm-none-eabi/lib/thumb/v7e-m+fp/hard\libc_nano.a
END GROUP
START GROUP
LOAD c:/st/stm32cubeide_1.7.0/stm32cubeide/plugins/com.st.stm32cube.ide.mcu.externaltools.gnu-tools-for-stm32.9-2020-q2-update.win32_2.0.0.202105311346/tools/bin/../lib/gcc/arm-none-eabi/9.3.1/thumb/v7e-m+fp/hard\libgcc.a
LOAD c:/st/stm32cubeide_1.7.0/stm32cubeide/plugins/com.st.stm32cube.ide.mcu.externaltools.gnu-tools-for-stm32.9-2020-q2-update.win32_2.0.0.202105311346/tools/bin/../lib/gcc/arm-none-eabi/9.3.1/../../../../arm-none-eabi/lib/thumb/v7e-m+fp/hard\libc_nano.a
LOAD c:/st/stm32cubeide_1.7.0/stm32cubeide/plugins/com.st.stm32cube.ide.mcu.externaltools.gnu-tools-for-stm32.9-2020-q2-update.win32_2.0.0.202105311346/tools/bin/../lib/gcc/arm-none-eabi/9.3.1/../../../../arm-none-eabi/lib/thumb/v7e-m+fp/hard\libnosys.a
END GROUP
START GROUP
LOAD c:/st/stm32cubeide_1.7.0/stm32cubeide/plugins/com.st.stm32cube.ide.mcu.externaltools.gnu-tools-for-stm32.9-2020-q2-update.win32_2.0.0.202105311346/tools/bin/../lib/gcc/arm-none-eabi/9.3.1/thumb/v7e-m+fp/hard\libgcc.a
LOAD c:/st/stm32cubeide_1.7.0/stm32cubeide/plugins/com.st.stm32cube.ide.mcu.externaltools.gnu-tools-for-stm32.9-2020-q2-update.win32_2.0.0.202105311346/tools/bin/../lib/gcc/arm-none-eabi/9.3.1/../../../../arm-none-eabi/lib/thumb/v7e-m+fp/hard\libc_nano.a
LOAD c:/st/stm32cubeide_1.7.0/stm32cubeide/plugins/com.st.stm32cube.ide.mcu.externaltools.gnu-tools-for-stm32.9-2020-q2-update.win32_2.0.0.202105311346/tools/bin/../lib/gcc/arm-none-eabi/9.3.1/../../../../arm-none-eabi/lib/thumb/v7e-m+fp/hard\libnosys.a
END GROUP
LOAD c:/st/stm32cubeide_1.7.0/stm32cubeide/plugins/com.st.stm32cube.ide.mcu.externaltools.gnu-tools-for-stm32.9-2020-q2-update.win32_2.0.0.202105311346/tools/bin/../lib/gcc/arm-none-eabi/9.3.1/thumb/v7e-m+fp/hard/crtend.o
LOAD c:/st/stm32cubeide_1.7.0/stm32cubeide/plugins/com.st.stm32cube.ide.mcu.externaltools.gnu-tools-for-stm32.9-2020-q2-update.win32_2.0.0.202105311346/tools/bin/../lib/gcc/arm-none-eabi/9.3.1/thumb/v7e-m+fp/hard/crtn.o
                0x0000000020020000                _estack = (ORIGIN (RAM) + LENGTH (RAM))
                0x0000000000000200                _Min_Heap_Size = 0x200
                0x0000000000000400                _Min_Stack_Size = 0x400

.isr_vector     0x0000000008000000      0x188
                0x0000000008000000                . = ALIGN (0x4)
 *(.isr_vector)
 .isr_vector    0x0000000008000000      0x188 ./Core/Startup/startup_stm32f407vgtx.o
                0x0000000008000000                g_pfnVectors
                0x0000000008000188                . = ALIGN (0x4)

.text           0x0000000008000190     0x7794
                0x0000000008000190                . = ALIGN (0x4)
 *(.text)
 .text          0x0000000008000190       0x40 c:/st/stm32cubeide_1.7.0/stm32cubeide/plugins/com.st.stm32cube.ide.mcu.externaltools.gnu-tools-for-stm32.9-2020-q2-update.win32_2.0.0.202105311346/tools/bin/../lib/gcc/arm-none-eabi/9.3.1/thumb/v7e-m+fp/hard/crtbegin.o
 .text          0x00000000080001d0       0x10 c:/st/stm32cubeide_1.7.0/stm32cubeide/plugins/com.st.stm32cube.ide.mcu.externaltools.gnu-tools-for-stm32.9-2020-q2-update.win32_2.0.0.202105311346/tools/bin/../lib/gcc/arm-none-eabi/9.3.1/../../../../arm-none-eabi/lib/thumb/v7e-m+fp/hard\libc_nano.a(lib_a-strlen.o)
                0x00000000080001d0                strlen
 .text          0x00000000080001e0       0xa0 c:/st/stm32cubeide_1.7.0/stm32cubeide/plugins/com.st.stm32cube.ide.mcu.externaltools.gnu-tools-for-stm32.9-2020-q2-update.win32_2.0.0.202105311346/tools/bin/../lib/gcc/arm-none-eabi/9.3.1/../../../../arm-none-eabi/lib/thumb/v7e-m+fp/hard\libc_nano.a(lib_a-memchr.o)
                0x00000000080001e0                memchr
 .text          0x0000000008000280      0x254 c:/st/stm32cubeide_1.7.0/stm32cubeide/plugins/com.st.stm32cube.ide.mcu.externaltools.gnu-tools-for-stm32.9-2020-q2-update.win32_2.0.0.202105311346/tools/bin/../lib/gcc/arm-none-eabi/9.3.1/thumb/v7e-m+fp/hard\libgcc.a(_arm_muldf3.o)
                0x0000000008000280                __muldf3
                0x0000000008000280                __aeabi_dmul
 .text          0x00000000080004d4      0x378 c:/st/stm32cubeide_1.7.0/stm32cubeide/plugins/com.st.stm32cube.ide.mcu.externaltools.gnu-tools-for-stm32.9-2020-q2-update.win32_2.0.0.202105311346/tools/bin/../lib/gcc/arm-none-eabi/9.3.1/thumb/v7e-m+fp/hard\libgcc.a(_arm_addsubdf3.o)
                0x00000000080004d4                __aeabi_drsub
                0x00000000080004dc                __aeabi_dsub
                0x00000000080004dc                __subdf3
                0x00000000080004e0                __aeabi_dadd
                0x00000000080004e0                __adddf3
                0x0000000008000758                __floatunsidf
                0x0000000008000758                __aeabi_ui2d
                0x0000000008000778                __floatsidf
                0x0000000008000778                __aeabi_i2d
                0x000000000800079c                __aeabi_f2d
                0x000000000800079c                __extendsfdf2
                0x00000000080007e0                __floatundidf
                0x00000000080007e0                __aeabi_ul2d
                0x00000000080007f0                __floatdidf
                0x00000000080007f0                __aeabi_l2d
 .text          0x000000000800084c       0x40 c:/st/stm32cubeide_1.7.0/stm32cubeide/plugins/com.st.stm32cube.ide.mcu.externaltools.gnu-tools-for-stm32.9-2020-q2-update.win32_2.0.0.202105311346/tools/bin/../lib/gcc/arm-none-eabi/9.3.1/thumb/v7e-m+fp/hard\libgcc.a(_arm_fixunsdfsi.o)
                0x000000000800084c                __aeabi_d2uiz
                0x000000000800084c                __fixunsdfsi
 .text          0x000000000800088c       0x30 c:/st/stm32cubeide_1.7.0/stm32cubeide/plugins/com.st.stm32cube.ide.mcu.externaltools.gnu-tools-for-stm32.9-2020-q2-update.win32_2.0.0.202105311346/tools/bin/../lib/gcc/arm-none-eabi/9.3.1/thumb/v7e-m+fp/hard\libgcc.a(_aeabi_uldivmod.o)
                0x000000000800088c                __aeabi_uldivmod
 .text          0x00000000080008bc      0x2c4 c:/st/stm32cubeide_1.7.0/stm32cubeide/plugins/com.st.stm32cube.ide.mcu.externaltools.gnu-tools-for-stm32.9-2020-q2-update.win32_2.0.0.202105311346/tools/bin/../lib/gcc/arm-none-eabi/9.3.1/thumb/v7e-m+fp/hard\libgcc.a(_udivmoddi4.o)
                0x00000000080008bc                __udivmoddi4
 .text          0x0000000008000b80        0x4 c:/st/stm32cubeide_1.7.0/stm32cubeide/plugins/com.st.stm32cube.ide.mcu.externaltools.gnu-tools-for-stm32.9-2020-q2-update.win32_2.0.0.202105311346/tools/bin/../lib/gcc/arm-none-eabi/9.3.1/thumb/v7e-m+fp/hard\libgcc.a(_dvmd_tls.o)
                0x0000000008000b80                __aeabi_idiv0
                0x0000000008000b80                __aeabi_ldiv0
 *(.text*)
 .text.SELECT   0x0000000008000b84       0x1c ./Core/Src/fatfs_sd.o
 .text.DESELECT
                0x0000000008000ba0       0x1c ./Core/Src/fatfs_sd.o
 .text.SPI_TxByte
                0x0000000008000bbc       0x34 ./Core/Src/fatfs_sd.o
 .text.SPI_TxBuffer
                0x0000000008000bf0       0x34 ./Core/Src/fatfs_sd.o
 .text.SPI_RxByte
                0x0000000008000c24       0x38 ./Core/Src/fatfs_sd.o
 .text.SPI_RxBytePtr
                0x0000000008000c5c       0x1c ./Core/Src/fatfs_sd.o
 .text.SD_ReadyWait
                0x0000000008000c78       0x34 ./Core/Src/fatfs_sd.o
 .text.SD_PowerOn
                0x0000000008000cac       0x84 ./Core/Src/fatfs_sd.o
 .text.SD_PowerOff
                0x0000000008000d30       0x18 ./Core/Src/fatfs_sd.o
 .text.SD_CheckPower
                0x0000000008000d48       0x18 ./Core/Src/fatfs_sd.o
 .text.SD_RxDataBlock
                0x0000000008000d60       0x5c ./Core/Src/fatfs_sd.o
 .text.SD_TxDataBlock
                0x0000000008000dbc       0x86 ./Core/Src/fatfs_sd.o
 .text.SD_SendCmd
                0x0000000008000e42       0xa8 ./Core/Src/fatfs_sd.o
 *fill*         0x0000000008000eea        0x2 
 .text.SD_disk_initialize
                0x0000000008000eec      0x1cc ./Core/Src/fatfs_sd.o
                0x0000000008000eec                SD_disk_initialize
 .text.SD_disk_status
                0x00000000080010b8       0x2c ./Core/Src/fatfs_sd.o
                0x00000000080010b8                SD_disk_status
 .text.SD_disk_read
                0x00000000080010e4       0xd4 ./Core/Src/fatfs_sd.o
                0x00000000080010e4                SD_disk_read
 .text.SD_disk_write
                0x00000000080011b8      0x108 ./Core/Src/fatfs_sd.o
                0x00000000080011b8                SD_disk_write
 .text.SD_disk_ioctl
                0x00000000080012c0      0x258 ./Core/Src/fatfs_sd.o
                0x00000000080012c0                SD_disk_ioctl
 .text.transmit_uart.9766
                0x0000000008001518       0x30 ./Core/Src/main.o
 .text.main     0x0000000008001548      0x310 ./Core/Src/main.o
                0x0000000008001548                main
 .text.SystemClock_Config
                0x0000000008001858       0xbc ./Core/Src/main.o
                0x0000000008001858                SystemClock_Config
 .text.MX_SPI1_Init
                0x0000000008001914       0x6c ./Core/Src/main.o
 .text.MX_USART3_UART_Init
                0x0000000008001980       0x54 ./Core/Src/main.o
 .text.MX_GPIO_Init
                0x00000000080019d4       0xa0 ./Core/Src/main.o
 .text.Error_Handler
                0x0000000008001a74        0xa ./Core/Src/main.o
                0x0000000008001a74                Error_Handler
 *fill*         0x0000000008001a7e        0x2 
 .text.HAL_MspInit
                0x0000000008001a80       0x50 ./Core/Src/stm32f4xx_hal_msp.o
                0x0000000008001a80                HAL_MspInit
 .text.HAL_SPI_MspInit
                0x0000000008001ad0       0x90 ./Core/Src/stm32f4xx_hal_msp.o
                0x0000000008001ad0                HAL_SPI_MspInit
 .text.HAL_UART_MspInit
                0x0000000008001b60       0x90 ./Core/Src/stm32f4xx_hal_msp.o
                0x0000000008001b60                HAL_UART_MspInit
 .text.NMI_Handler
                0x0000000008001bf0        0x6 ./Core/Src/stm32f4xx_it.o
                0x0000000008001bf0                NMI_Handler
 .text.HardFault_Handler
                0x0000000008001bf6        0x6 ./Core/Src/stm32f4xx_it.o
                0x0000000008001bf6                HardFault_Handler
 .text.MemManage_Handler
                0x0000000008001bfc        0x6 ./Core/Src/stm32f4xx_it.o
                0x0000000008001bfc                MemManage_Handler
 .text.BusFault_Handler
                0x0000000008001c02        0x6 ./Core/Src/stm32f4xx_it.o
                0x0000000008001c02                BusFault_Handler
 .text.UsageFault_Handler
                0x0000000008001c08        0x6 ./Core/Src/stm32f4xx_it.o
                0x0000000008001c08                UsageFault_Handler
 .text.SVC_Handler
                0x0000000008001c0e        0xe ./Core/Src/stm32f4xx_it.o
                0x0000000008001c0e                SVC_Handler
 .text.DebugMon_Handler
                0x0000000008001c1c        0xe ./Core/Src/stm32f4xx_it.o
                0x0000000008001c1c                DebugMon_Handler
 .text.PendSV_Handler
                0x0000000008001c2a        0xe ./Core/Src/stm32f4xx_it.o
                0x0000000008001c2a                PendSV_Handler
 .text.SysTick_Handler
                0x0000000008001c38       0x40 ./Core/Src/stm32f4xx_it.o
                0x0000000008001c38                SysTick_Handler
 .text._sbrk    0x0000000008001c78       0x6c ./Core/Src/sysmem.o
                0x0000000008001c78                _sbrk
 .text.SystemInit
                0x0000000008001ce4       0x24 ./Core/Src/system_stm32f4xx.o
                0x0000000008001ce4                SystemInit
 .text.Reset_Handler
                0x0000000008001d08       0x50 ./Core/Startup/startup_stm32f407vgtx.o
                0x0000000008001d08                Reset_Handler
 .text.Default_Handler
                0x0000000008001d58        0x2 ./Core/Startup/startup_stm32f407vgtx.o
                0x0000000008001d58                RTC_Alarm_IRQHandler
                0x0000000008001d58                HASH_RNG_IRQHandler
                0x0000000008001d58                EXTI2_IRQHandler
                0x0000000008001d58                TIM8_CC_IRQHandler
                0x0000000008001d58                TIM1_CC_IRQHandler
                0x0000000008001d58                DMA2_Stream5_IRQHandler
                0x0000000008001d58                DMA1_Stream5_IRQHandler
                0x0000000008001d58                PVD_IRQHandler
                0x0000000008001d58                SDIO_IRQHandler
                0x0000000008001d58                TAMP_STAMP_IRQHandler
                0x0000000008001d58                CAN2_RX1_IRQHandler
                0x0000000008001d58                EXTI3_IRQHandler
                0x0000000008001d58                TIM8_TRG_COM_TIM14_IRQHandler
                0x0000000008001d58                TIM1_UP_TIM10_IRQHandler
                0x0000000008001d58                TIM8_UP_TIM13_IRQHandler
                0x0000000008001d58                I2C3_ER_IRQHandler
                0x0000000008001d58                EXTI0_IRQHandler
                0x0000000008001d58                I2C2_EV_IRQHandler
                0x0000000008001d58                DMA1_Stream2_IRQHandler
                0x0000000008001d58                CAN1_RX0_IRQHandler
                0x0000000008001d58                FPU_IRQHandler
                0x0000000008001d58                OTG_HS_WKUP_IRQHandler
                0x0000000008001d58                CAN2_SCE_IRQHandler
                0x0000000008001d58                DMA2_Stream2_IRQHandler
                0x0000000008001d58                SPI1_IRQHandler
                0x0000000008001d58                TIM6_DAC_IRQHandler
                0x0000000008001d58                TIM1_BRK_TIM9_IRQHandler
                0x0000000008001d58                DCMI_IRQHandler
                0x0000000008001d58                CAN2_RX0_IRQHandler
                0x0000000008001d58                DMA2_Stream3_IRQHandler
                0x0000000008001d58                USART6_IRQHandler
                0x0000000008001d58                USART3_IRQHandler
                0x0000000008001d58                CAN1_RX1_IRQHandler
                0x0000000008001d58                UART5_IRQHandler
                0x0000000008001d58                DMA2_Stream0_IRQHandler
                0x0000000008001d58                TIM4_IRQHandler
                0x0000000008001d58                I2C1_EV_IRQHandler
                0x0000000008001d58                DMA1_Stream6_IRQHandler
                0x0000000008001d58                DMA1_Stream1_IRQHandler
                0x0000000008001d58                UART4_IRQHandler
                0x0000000008001d58                TIM3_IRQHandler
                0x0000000008001d58                RCC_IRQHandler
                0x0000000008001d58                TIM8_BRK_TIM12_IRQHandler
                0x0000000008001d58                Default_Handler
                0x0000000008001d58                EXTI15_10_IRQHandler
                0x0000000008001d58                ADC_IRQHandler
                0x0000000008001d58                DMA1_Stream7_IRQHandler
                0x0000000008001d58                TIM7_IRQHandler
                0x0000000008001d58                CAN2_TX_IRQHandler
                0x0000000008001d58                TIM5_IRQHandler
                0x0000000008001d58                DMA2_Stream7_IRQHandler
                0x0000000008001d58                I2C3_EV_IRQHandler
                0x0000000008001d58                EXTI9_5_IRQHandler
                0x0000000008001d58                RTC_WKUP_IRQHandler
                0x0000000008001d58                ETH_WKUP_IRQHandler
                0x0000000008001d58                SPI2_IRQHandler
                0x0000000008001d58                OTG_HS_EP1_IN_IRQHandler
                0x0000000008001d58                DMA1_Stream0_IRQHandler
                0x0000000008001d58                CAN1_TX_IRQHandler
                0x0000000008001d58                EXTI4_IRQHandler
                0x0000000008001d58                FSMC_IRQHandler
                0x0000000008001d58                ETH_IRQHandler
                0x0000000008001d58                OTG_HS_EP1_OUT_IRQHandler
                0x0000000008001d58                WWDG_IRQHandler
                0x0000000008001d58                TIM2_IRQHandler
                0x0000000008001d58                OTG_FS_WKUP_IRQHandler
                0x0000000008001d58                TIM1_TRG_COM_TIM11_IRQHandler
                0x0000000008001d58                OTG_HS_IRQHandler
                0x0000000008001d58                EXTI1_IRQHandler
                0x0000000008001d58                USART2_IRQHandler
                0x0000000008001d58                I2C2_ER_IRQHandler
                0x0000000008001d58                DMA2_Stream1_IRQHandler
                0x0000000008001d58                CAN1_SCE_IRQHandler
                0x0000000008001d58                FLASH_IRQHandler
                0x0000000008001d58                DMA2_Stream4_IRQHandler
                0x0000000008001d58                USART1_IRQHandler
                0x0000000008001d58                OTG_FS_IRQHandler
                0x0000000008001d58                SPI3_IRQHandler
                0x0000000008001d58                DMA1_Stream4_IRQHandler
                0x0000000008001d58                I2C1_ER_IRQHandler
                0x0000000008001d58                DMA2_Stream6_IRQHandler
                0x0000000008001d58                DMA1_Stream3_IRQHandler
 *fill*         0x0000000008001d5a        0x2 
 .text.HAL_Init
                0x0000000008001d5c       0x44 ./Drivers/STM32F4xx_HAL_Driver/Src/stm32f4xx_hal.o
                0x0000000008001d5c                HAL_Init
 .text.HAL_InitTick
                0x0000000008001da0       0x60 ./Drivers/STM32F4xx_HAL_Driver/Src/stm32f4xx_hal.o
                0x0000000008001da0                HAL_InitTick
 .text.HAL_IncTick
                0x0000000008001e00       0x28 ./Drivers/STM32F4xx_HAL_Driver/Src/stm32f4xx_hal.o
                0x0000000008001e00                HAL_IncTick
 .text.HAL_GetTick
                0x0000000008001e28       0x18 ./Drivers/STM32F4xx_HAL_Driver/Src/stm32f4xx_hal.o
                0x0000000008001e28                HAL_GetTick
 .text.HAL_Delay
                0x0000000008001e40       0x48 ./Drivers/STM32F4xx_HAL_Driver/Src/stm32f4xx_hal.o
                0x0000000008001e40                HAL_Delay
 .text.__NVIC_SetPriorityGrouping
                0x0000000008001e88       0x48 ./Drivers/STM32F4xx_HAL_Driver/Src/stm32f4xx_hal_cortex.o
 .text.__NVIC_GetPriorityGrouping
                0x0000000008001ed0       0x1c ./Drivers/STM32F4xx_HAL_Driver/Src/stm32f4xx_hal_cortex.o
 .text.__NVIC_SetPriority
                0x0000000008001eec       0x54 ./Drivers/STM32F4xx_HAL_Driver/Src/stm32f4xx_hal_cortex.o
 .text.NVIC_EncodePriority
                0x0000000008001f40       0x66 ./Drivers/STM32F4xx_HAL_Driver/Src/stm32f4xx_hal_cortex.o
 *fill*         0x0000000008001fa6        0x2 
 .text.SysTick_Config
                0x0000000008001fa8       0x44 ./Drivers/STM32F4xx_HAL_Driver/Src/stm32f4xx_hal_cortex.o
 .text.HAL_NVIC_SetPriorityGrouping
                0x0000000008001fec       0x16 ./Drivers/STM32F4xx_HAL_Driver/Src/stm32f4xx_hal_cortex.o
                0x0000000008001fec                HAL_NVIC_SetPriorityGrouping
 .text.HAL_NVIC_SetPriority
                0x0000000008002002       0x38 ./Drivers/STM32F4xx_HAL_Driver/Src/stm32f4xx_hal_cortex.o
                0x0000000008002002                HAL_NVIC_SetPriority
 .text.HAL_SYSTICK_Config
                0x000000000800203a       0x18 ./Drivers/STM32F4xx_HAL_Driver/Src/stm32f4xx_hal_cortex.o
                0x000000000800203a                HAL_SYSTICK_Config
 .text.HAL_SYSTICK_IRQHandler
                0x0000000008002052        0xc ./Drivers/STM32F4xx_HAL_Driver/Src/stm32f4xx_hal_cortex.o
                0x0000000008002052                HAL_SYSTICK_IRQHandler
 .text.HAL_SYSTICK_Callback
                0x000000000800205e        0xe ./Drivers/STM32F4xx_HAL_Driver/Src/stm32f4xx_hal_cortex.o
                0x000000000800205e                HAL_SYSTICK_Callback
 .text.HAL_GPIO_Init
                0x000000000800206c      0x338 ./Drivers/STM32F4xx_HAL_Driver/Src/stm32f4xx_hal_gpio.o
                0x000000000800206c                HAL_GPIO_Init
 .text.HAL_GPIO_WritePin
                0x00000000080023a4       0x32 ./Drivers/STM32F4xx_HAL_Driver/Src/stm32f4xx_hal_gpio.o
                0x00000000080023a4                HAL_GPIO_WritePin
 *fill*         0x00000000080023d6        0x2 
 .text.HAL_RCC_OscConfig
                0x00000000080023d8      0x4f0 ./Drivers/STM32F4xx_HAL_Driver/Src/stm32f4xx_hal_rcc.o
                0x00000000080023d8                HAL_RCC_OscConfig
 .text.HAL_RCC_ClockConfig
                0x00000000080028c8      0x1cc ./Drivers/STM32F4xx_HAL_Driver/Src/stm32f4xx_hal_rcc.o
                0x00000000080028c8                HAL_RCC_ClockConfig
 .text.HAL_RCC_GetSysClockFreq
                0x0000000008002a94      0x16c ./Drivers/STM32F4xx_HAL_Driver/Src/stm32f4xx_hal_rcc.o
                0x0000000008002a94                HAL_RCC_GetSysClockFreq
 .text.HAL_RCC_GetHCLKFreq
                0x0000000008002c00       0x18 ./Drivers/STM32F4xx_HAL_Driver/Src/stm32f4xx_hal_rcc.o
                0x0000000008002c00                HAL_RCC_GetHCLKFreq
 .text.HAL_RCC_GetPCLK1Freq
                0x0000000008002c18       0x28 ./Drivers/STM32F4xx_HAL_Driver/Src/stm32f4xx_hal_rcc.o
                0x0000000008002c18                HAL_RCC_GetPCLK1Freq
 .text.HAL_RCC_GetPCLK2Freq
                0x0000000008002c40       0x28 ./Drivers/STM32F4xx_HAL_Driver/Src/stm32f4xx_hal_rcc.o
                0x0000000008002c40                HAL_RCC_GetPCLK2Freq
 .text.HAL_SPI_Init
                0x0000000008002c68      0x112 ./Drivers/STM32F4xx_HAL_Driver/Src/stm32f4xx_hal_spi.o
                0x0000000008002c68                HAL_SPI_Init
 .text.HAL_SPI_Transmit
                0x0000000008002d7a      0x278 ./Drivers/STM32F4xx_HAL_Driver/Src/stm32f4xx_hal_spi.o
                0x0000000008002d7a                HAL_SPI_Transmit
 .text.HAL_SPI_TransmitReceive
                0x0000000008002ff2      0x344 ./Drivers/STM32F4xx_HAL_Driver/Src/stm32f4xx_hal_spi.o
                0x0000000008002ff2                HAL_SPI_TransmitReceive
 *fill*         0x0000000008003336        0x2 
 .text.SPI_WaitFlagStateUntilTimeout
                0x0000000008003338      0x110 ./Drivers/STM32F4xx_HAL_Driver/Src/stm32f4xx_hal_spi.o
 .text.SPI_EndRxTxTransaction
                0x0000000008003448       0x84 ./Drivers/STM32F4xx_HAL_Driver/Src/stm32f4xx_hal_spi.o
 .text.HAL_UART_Init
                0x00000000080034cc       0x9a ./Drivers/STM32F4xx_HAL_Driver/Src/stm32f4xx_hal_uart.o
                0x00000000080034cc                HAL_UART_Init
 .text.HAL_UART_Transmit
                0x0000000008003566      0x124 ./Drivers/STM32F4xx_HAL_Driver/Src/stm32f4xx_hal_uart.o
                0x0000000008003566                HAL_UART_Transmit
 .text.UART_WaitOnFlagUntilTimeout
                0x000000000800368a       0xdc ./Drivers/STM32F4xx_HAL_Driver/Src/stm32f4xx_hal_uart.o
 *fill*         0x0000000008003766        0x2 
 .text.UART_SetConfig
                0x0000000008003768      0x390 ./Drivers/STM32F4xx_HAL_Driver/Src/stm32f4xx_hal_uart.o
 .text.MX_FATFS_Init
                0x0000000008003af8       0x24 ./FATFS/App/fatfs.o
                0x0000000008003af8                MX_FATFS_Init
 .text.get_fattime
                0x0000000008003b1c       0x10 ./FATFS/App/fatfs.o
                0x0000000008003b1c                get_fattime
 .text.USER_initialize
                0x0000000008003b2c       0x1c ./FATFS/Target/user_diskio.o
                0x0000000008003b2c                USER_initialize
 .text.USER_status
                0x0000000008003b48       0x1c ./FATFS/Target/user_diskio.o
                0x0000000008003b48                USER_status
 .text.USER_read
                0x0000000008003b64       0x26 ./FATFS/Target/user_diskio.o
                0x0000000008003b64                USER_read
 .text.USER_write
                0x0000000008003b8a       0x26 ./FATFS/Target/user_diskio.o
                0x0000000008003b8a                USER_write
 .text.USER_ioctl
                0x0000000008003bb0       0x26 ./FATFS/Target/user_diskio.o
                0x0000000008003bb0                USER_ioctl
 *fill*         0x0000000008003bd6        0x2 
 .text.disk_status
                0x0000000008003bd8       0x34 ./Middlewares/Third_Party/FatFs/src/diskio.o
                0x0000000008003bd8                disk_status
 .text.disk_initialize
                0x0000000008003c0c       0x4c ./Middlewares/Third_Party/FatFs/src/diskio.o
                0x0000000008003c0c                disk_initialize
 .text.disk_read
                0x0000000008003c58       0x40 ./Middlewares/Third_Party/FatFs/src/diskio.o
                0x0000000008003c58                disk_read
 .text.disk_write
                0x0000000008003c98       0x40 ./Middlewares/Third_Party/FatFs/src/diskio.o
                0x0000000008003c98                disk_write
 .text.disk_ioctl
                0x0000000008003cd8       0x3c ./Middlewares/Third_Party/FatFs/src/diskio.o
                0x0000000008003cd8                disk_ioctl
 .text.ld_word  0x0000000008003d14       0x30 ./Middlewares/Third_Party/FatFs/src/ff.o
 .text.ld_dword
                0x0000000008003d44       0x46 ./Middlewares/Third_Party/FatFs/src/ff.o
 .text.st_word  0x0000000008003d8a       0x36 ./Middlewares/Third_Party/FatFs/src/ff.o
 .text.st_dword
                0x0000000008003dc0       0x58 ./Middlewares/Third_Party/FatFs/src/ff.o
 .text.mem_cpy  0x0000000008003e18       0x42 ./Middlewares/Third_Party/FatFs/src/ff.o
 .text.mem_set  0x0000000008003e5a       0x36 ./Middlewares/Third_Party/FatFs/src/ff.o
 .text.mem_cmp  0x0000000008003e90       0x4e ./Middlewares/Third_Party/FatFs/src/ff.o
 .text.chk_chr  0x0000000008003ede       0x36 ./Middlewares/Third_Party/FatFs/src/ff.o
 .text.chk_lock
                0x0000000008003f14       0xb8 ./Middlewares/Third_Party/FatFs/src/ff.o
 .text.enq_lock
                0x0000000008003fcc       0x44 ./Middlewares/Third_Party/FatFs/src/ff.o
 .text.inc_lock
                0x0000000008004010      0x11c ./Middlewares/Third_Party/FatFs/src/ff.o
 .text.dec_lock
                0x000000000800412c       0x78 ./Middlewares/Third_Party/FatFs/src/ff.o
 .text.clear_lock
                0x00000000080041a4       0x48 ./Middlewares/Third_Party/FatFs/src/ff.o
 .text.sync_window
                0x00000000080041ec       0x88 ./Middlewares/Third_Party/FatFs/src/ff.o
 .text.move_window
                0x0000000008004274       0x5a ./Middlewares/Third_Party/FatFs/src/ff.o
 *fill*         0x00000000080042ce        0x2 
 .text.sync_fs  0x00000000080042d0       0xe0 ./Middlewares/Third_Party/FatFs/src/ff.o
 .text.clust2sect
                0x00000000080043b0       0x3e ./Middlewares/Third_Party/FatFs/src/ff.o
 .text.get_fat  0x00000000080043ee      0x1a8 ./Middlewares/Third_Party/FatFs/src/ff.o
 .text.put_fat  0x0000000008004596      0x238 ./Middlewares/Third_Party/FatFs/src/ff.o
 .text.remove_chain
                0x00000000080047ce       0xca ./Middlewares/Third_Party/FatFs/src/ff.o
 .text.create_chain
                0x0000000008004898      0x130 ./Middlewares/Third_Party/FatFs/src/ff.o
 .text.clmt_clust
                0x00000000080049c8       0x70 ./Middlewares/Third_Party/FatFs/src/ff.o
 .text.dir_sdi  0x0000000008004a38      0x112 ./Middlewares/Third_Party/FatFs/src/ff.o
 .text.dir_next
                0x0000000008004b4a      0x1ac ./Middlewares/Third_Party/FatFs/src/ff.o
 .text.dir_alloc
                0x0000000008004cf6       0x8e ./Middlewares/Third_Party/FatFs/src/ff.o
 .text.ld_clust
                0x0000000008004d84       0x3e ./Middlewares/Third_Party/FatFs/src/ff.o
 .text.st_clust
                0x0000000008004dc2       0x40 ./Middlewares/Third_Party/FatFs/src/ff.o
 *fill*         0x0000000008004e02        0x2 
 .text.cmp_lfn  0x0000000008004e04       0xe0 ./Middlewares/Third_Party/FatFs/src/ff.o
 .text.put_lfn  0x0000000008004ee4       0xd0 ./Middlewares/Third_Party/FatFs/src/ff.o
 .text.gen_numname
                0x0000000008004fb4      0x120 ./Middlewares/Third_Party/FatFs/src/ff.o
 .text.sum_sfn  0x00000000080050d4       0x42 ./Middlewares/Third_Party/FatFs/src/ff.o
 .text.dir_find
                0x0000000008005116      0x180 ./Middlewares/Third_Party/FatFs/src/ff.o
 *fill*         0x0000000008005296        0x2 
 .text.dir_register
                0x0000000008005298      0x1f0 ./Middlewares/Third_Party/FatFs/src/ff.o
 .text.create_name
                0x0000000008005488      0x370 ./Middlewares/Third_Party/FatFs/src/ff.o
 .text.follow_path
                0x00000000080057f8       0xec ./Middlewares/Third_Party/FatFs/src/ff.o
 .text.get_ldnumber
                0x00000000080058e4       0x88 ./Middlewares/Third_Party/FatFs/src/ff.o
 .text.check_fs
                0x000000000800596c       0xac ./Middlewares/Third_Party/FatFs/src/ff.o
 .text.find_volume
                0x0000000008005a18      0x510 ./Middlewares/Third_Party/FatFs/src/ff.o
 .text.validate
                0x0000000008005f28       0x6a ./Middlewares/Third_Party/FatFs/src/ff.o
 *fill*         0x0000000008005f92        0x2 
 .text.f_mount  0x0000000008005f94       0x8c ./Middlewares/Third_Party/FatFs/src/ff.o
                0x0000000008005f94                f_mount
 .text.f_open   0x0000000008006020      0x398 ./Middlewares/Third_Party/FatFs/src/ff.o
                0x0000000008006020                f_open
 .text.f_read   0x00000000080063b8      0x2be ./Middlewares/Third_Party/FatFs/src/ff.o
                0x00000000080063b8                f_read
 .text.f_write  0x0000000008006676      0x328 ./Middlewares/Third_Party/FatFs/src/ff.o
                0x0000000008006676                f_write
 .text.f_sync   0x000000000800699e       0xfc ./Middlewares/Third_Party/FatFs/src/ff.o
                0x000000000800699e                f_sync
 .text.f_close  0x0000000008006a9a       0x54 ./Middlewares/Third_Party/FatFs/src/ff.o
                0x0000000008006a9a                f_close
 .text.f_getfree
                0x0000000008006aee      0x16a ./Middlewares/Third_Party/FatFs/src/ff.o
                0x0000000008006aee                f_getfree
 .text.f_gets   0x0000000008006c58       0x7a ./Middlewares/Third_Party/FatFs/src/ff.o
                0x0000000008006c58                f_gets
 .text.putc_bfd
                0x0000000008006cd2       0x7a ./Middlewares/Third_Party/FatFs/src/ff.o
 .text.putc_flush
                0x0000000008006d4c       0x4a ./Middlewares/Third_Party/FatFs/src/ff.o
 .text.putc_init
                0x0000000008006d96       0x2a ./Middlewares/Third_Party/FatFs/src/ff.o
 .text.f_puts   0x0000000008006dc0       0x48 ./Middlewares/Third_Party/FatFs/src/ff.o
                0x0000000008006dc0                f_puts
 .text.FATFS_LinkDriverEx
                0x0000000008006e08       0x98 ./Middlewares/Third_Party/FatFs/src/ff_gen_drv.o
                0x0000000008006e08                FATFS_LinkDriverEx
 .text.FATFS_LinkDriver
                0x0000000008006ea0       0x1e ./Middlewares/Third_Party/FatFs/src/ff_gen_drv.o
                0x0000000008006ea0                FATFS_LinkDriver
 *fill*         0x0000000008006ebe        0x2 
 .text.ff_convert
                0x0000000008006ec0       0x78 ./Middlewares/Third_Party/FatFs/src/option/ccsbcs.o
                0x0000000008006ec0                ff_convert
 .text.ff_wtoupper
                0x0000000008006f38      0x114 ./Middlewares/Third_Party/FatFs/src/option/ccsbcs.o
                0x0000000008006f38                ff_wtoupper
 .text.__errno  0x000000000800704c        0xc c:/st/stm32cubeide_1.7.0/stm32cubeide/plugins/com.st.stm32cube.ide.mcu.externaltools.gnu-tools-for-stm32.9-2020-q2-update.win32_2.0.0.202105311346/tools/bin/../lib/gcc/arm-none-eabi/9.3.1/../../../../arm-none-eabi/lib/thumb/v7e-m+fp/hard\libc_nano.a(lib_a-errno.o)
                0x000000000800704c                __errno
 .text.__libc_init_array
                0x0000000008007058       0x48 c:/st/stm32cubeide_1.7.0/stm32cubeide/plugins/com.st.stm32cube.ide.mcu.externaltools.gnu-tools-for-stm32.9-2020-q2-update.win32_2.0.0.202105311346/tools/bin/../lib/gcc/arm-none-eabi/9.3.1/../../../../arm-none-eabi/lib/thumb/v7e-m+fp/hard\libc_nano.a(lib_a-init.o)
                0x0000000008007058                __libc_init_array
 .text.memset   0x00000000080070a0       0x10 c:/st/stm32cubeide_1.7.0/stm32cubeide/plugins/com.st.stm32cube.ide.mcu.externaltools.gnu-tools-for-stm32.9-2020-q2-update.win32_2.0.0.202105311346/tools/bin/../lib/gcc/arm-none-eabi/9.3.1/../../../../arm-none-eabi/lib/thumb/v7e-m+fp/hard\libc_nano.a(lib_a-memset.o)
                0x00000000080070a0                memset
 .text.sprintf  0x00000000080070b0       0x40 c:/st/stm32cubeide_1.7.0/stm32cubeide/plugins/com.st.stm32cube.ide.mcu.externaltools.gnu-tools-for-stm32.9-2020-q2-update.win32_2.0.0.202105311346/tools/bin/../lib/gcc/arm-none-eabi/9.3.1/../../../../arm-none-eabi/lib/thumb/v7e-m+fp/hard\libc_nano.a(lib_a-sprintf.o)
                0x00000000080070b0                siprintf
                0x00000000080070b0                sprintf
 .text.__ssputs_r
                0x00000000080070f0       0xb6 c:/st/stm32cubeide_1.7.0/stm32cubeide/plugins/com.st.stm32cube.ide.mcu.externaltools.gnu-tools-for-stm32.9-2020-q2-update.win32_2.0.0.202105311346/tools/bin/../lib/gcc/arm-none-eabi/9.3.1/../../../../arm-none-eabi/lib/thumb/v7e-m+fp/hard\libc_nano.a(lib_a-nano-svfprintf.o)
                0x00000000080070f0                __ssputs_r
 *fill*         0x00000000080071a6        0x2 
 .text._svfprintf_r
                0x00000000080071a8      0x200 c:/st/stm32cubeide_1.7.0/stm32cubeide/plugins/com.st.stm32cube.ide.mcu.externaltools.gnu-tools-for-stm32.9-2020-q2-update.win32_2.0.0.202105311346/tools/bin/../lib/gcc/arm-none-eabi/9.3.1/../../../../arm-none-eabi/lib/thumb/v7e-m+fp/hard\libc_nano.a(lib_a-nano-svfprintf.o)
                0x00000000080071a8                _svfiprintf_r
                0x00000000080071a8                _svfprintf_r
 .text._printf_common
                0x00000000080073a8       0xda c:/st/stm32cubeide_1.7.0/stm32cubeide/plugins/com.st.stm32cube.ide.mcu.externaltools.gnu-tools-for-stm32.9-2020-q2-update.win32_2.0.0.202105311346/tools/bin/../lib/gcc/arm-none-eabi/9.3.1/../../../../arm-none-eabi/lib/thumb/v7e-m+fp/hard\libc_nano.a(lib_a-nano-vfprintf_i.o)
                0x00000000080073a8                _printf_common
 *fill*         0x0000000008007482        0x2 
 .text._printf_i
                0x0000000008007484      0x24c c:/st/stm32cubeide_1.7.0/stm32cubeide/plugins/com.st.stm32cube.ide.mcu.externaltools.gnu-tools-for-stm32.9-2020-q2-update.win32_2.0.0.202105311346/tools/bin/../lib/gcc/arm-none-eabi/9.3.1/../../../../arm-none-eabi/lib/thumb/v7e-m+fp/hard\libc_nano.a(lib_a-nano-vfprintf_i.o)
                0x0000000008007484                _printf_i
 .text.memcpy   0x00000000080076d0       0x1c c:/st/stm32cubeide_1.7.0/stm32cubeide/plugins/com.st.stm32cube.ide.mcu.externaltools.gnu-tools-for-stm32.9-2020-q2-update.win32_2.0.0.202105311346/tools/bin/../lib/gcc/arm-none-eabi/9.3.1/../../../../arm-none-eabi/lib/thumb/v7e-m+fp/hard\libc_nano.a(lib_a-memcpy-stub.o)
                0x00000000080076d0                memcpy
 .text.memmove  0x00000000080076ec       0x34 c:/st/stm32cubeide_1.7.0/stm32cubeide/plugins/com.st.stm32cube.ide.mcu.externaltools.gnu-tools-for-stm32.9-2020-q2-update.win32_2.0.0.202105311346/tools/bin/../lib/gcc/arm-none-eabi/9.3.1/../../../../arm-none-eabi/lib/thumb/v7e-m+fp/hard\libc_nano.a(lib_a-memmove.o)
                0x00000000080076ec                memmove
 .text._free_r  0x0000000008007720       0xa0 c:/st/stm32cubeide_1.7.0/stm32cubeide/plugins/com.st.stm32cube.ide.mcu.externaltools.gnu-tools-for-stm32.9-2020-q2-update.win32_2.0.0.202105311346/tools/bin/../lib/gcc/arm-none-eabi/9.3.1/../../../../arm-none-eabi/lib/thumb/v7e-m+fp/hard\libc_nano.a(lib_a-nano-freer.o)
                0x0000000008007720                _free_r
 .text._malloc_r
                0x00000000080077c0       0xb4 c:/st/stm32cubeide_1.7.0/stm32cubeide/plugins/com.st.stm32cube.ide.mcu.externaltools.gnu-tools-for-stm32.9-2020-q2-update.win32_2.0.0.202105311346/tools/bin/../lib/gcc/arm-none-eabi/9.3.1/../../../../arm-none-eabi/lib/thumb/v7e-m+fp/hard\libc_nano.a(lib_a-nano-mallocr.o)
                0x00000000080077c0                _malloc_r
 .text._realloc_r
                0x0000000008007874       0x4c c:/st/stm32cubeide_1.7.0/stm32cubeide/plugins/com.st.stm32cube.ide.mcu.externaltools.gnu-tools-for-stm32.9-2020-q2-update.win32_2.0.0.202105311346/tools/bin/../lib/gcc/arm-none-eabi/9.3.1/../../../../arm-none-eabi/lib/thumb/v7e-m+fp/hard\libc_nano.a(lib_a-nano-reallocr.o)
                0x0000000008007874                _realloc_r
 .text._sbrk_r  0x00000000080078c0       0x20 c:/st/stm32cubeide_1.7.0/stm32cubeide/plugins/com.st.stm32cube.ide.mcu.externaltools.gnu-tools-for-stm32.9-2020-q2-update.win32_2.0.0.202105311346/tools/bin/../lib/gcc/arm-none-eabi/9.3.1/../../../../arm-none-eabi/lib/thumb/v7e-m+fp/hard\libc_nano.a(lib_a-sbrkr.o)
                0x00000000080078c0                _sbrk_r
 .text.__malloc_lock
                0x00000000080078e0        0xc c:/st/stm32cubeide_1.7.0/stm32cubeide/plugins/com.st.stm32cube.ide.mcu.externaltools.gnu-tools-for-stm32.9-2020-q2-update.win32_2.0.0.202105311346/tools/bin/../lib/gcc/arm-none-eabi/9.3.1/../../../../arm-none-eabi/lib/thumb/v7e-m+fp/hard\libc_nano.a(lib_a-mlock.o)
                0x00000000080078e0                __malloc_lock
 .text.__malloc_unlock
                0x00000000080078ec        0xc c:/st/stm32cubeide_1.7.0/stm32cubeide/plugins/com.st.stm32cube.ide.mcu.externaltools.gnu-tools-for-stm32.9-2020-q2-update.win32_2.0.0.202105311346/tools/bin/../lib/gcc/arm-none-eabi/9.3.1/../../../../arm-none-eabi/lib/thumb/v7e-m+fp/hard\libc_nano.a(lib_a-mlock.o)
                0x00000000080078ec                __malloc_unlock
 .text._malloc_usable_size_r
                0x00000000080078f8       0x10 c:/st/stm32cubeide_1.7.0/stm32cubeide/plugins/com.st.stm32cube.ide.mcu.externaltools.gnu-tools-for-stm32.9-2020-q2-update.win32_2.0.0.202105311346/tools/bin/../lib/gcc/arm-none-eabi/9.3.1/../../../../arm-none-eabi/lib/thumb/v7e-m+fp/hard\libc_nano.a(lib_a-nano-msizer.o)
                0x00000000080078f8                _malloc_usable_size_r
 .text.__retarget_lock_acquire_recursive
                0x0000000008007908        0x2 c:/st/stm32cubeide_1.7.0/stm32cubeide/plugins/com.st.stm32cube.ide.mcu.externaltools.gnu-tools-for-stm32.9-2020-q2-update.win32_2.0.0.202105311346/tools/bin/../lib/gcc/arm-none-eabi/9.3.1/../../../../arm-none-eabi/lib/thumb/v7e-m+fp/hard\libc_nano.a(lib_a-lock.o)
                0x0000000008007908                __retarget_lock_acquire_recursive
 .text.__retarget_lock_release_recursive
                0x000000000800790a        0x2 c:/st/stm32cubeide_1.7.0/stm32cubeide/plugins/com.st.stm32cube.ide.mcu.externaltools.gnu-tools-for-stm32.9-2020-q2-update.win32_2.0.0.202105311346/tools/bin/../lib/gcc/arm-none-eabi/9.3.1/../../../../arm-none-eabi/lib/thumb/v7e-m+fp/hard\libc_nano.a(lib_a-lock.o)
                0x000000000800790a                __retarget_lock_release_recursive
 *(.glue_7)
 .glue_7        0x000000000800790c        0x0 linker stubs
 *(.glue_7t)
 .glue_7t       0x000000000800790c        0x0 linker stubs
 *(.eh_frame)
 .eh_frame      0x000000000800790c        0x0 c:/st/stm32cubeide_1.7.0/stm32cubeide/plugins/com.st.stm32cube.ide.mcu.externaltools.gnu-tools-for-stm32.9-2020-q2-update.win32_2.0.0.202105311346/tools/bin/../lib/gcc/arm-none-eabi/9.3.1/thumb/v7e-m+fp/hard/crtbegin.o
 *(.init)
 .init          0x000000000800790c        0x4 c:/st/stm32cubeide_1.7.0/stm32cubeide/plugins/com.st.stm32cube.ide.mcu.externaltools.gnu-tools-for-stm32.9-2020-q2-update.win32_2.0.0.202105311346/tools/bin/../lib/gcc/arm-none-eabi/9.3.1/thumb/v7e-m+fp/hard/crti.o
                0x000000000800790c                _init
 .init          0x0000000008007910        0x8 c:/st/stm32cubeide_1.7.0/stm32cubeide/plugins/com.st.stm32cube.ide.mcu.externaltools.gnu-tools-for-stm32.9-2020-q2-update.win32_2.0.0.202105311346/tools/bin/../lib/gcc/arm-none-eabi/9.3.1/thumb/v7e-m+fp/hard/crtn.o
 *(.fini)
 .fini          0x0000000008007918        0x4 c:/st/stm32cubeide_1.7.0/stm32cubeide/plugins/com.st.stm32cube.ide.mcu.externaltools.gnu-tools-for-stm32.9-2020-q2-update.win32_2.0.0.202105311346/tools/bin/../lib/gcc/arm-none-eabi/9.3.1/thumb/v7e-m+fp/hard/crti.o
                0x0000000008007918                _fini
 .fini          0x000000000800791c        0x8 c:/st/stm32cubeide_1.7.0/stm32cubeide/plugins/com.st.stm32cube.ide.mcu.externaltools.gnu-tools-for-stm32.9-2020-q2-update.win32_2.0.0.202105311346/tools/bin/../lib/gcc/arm-none-eabi/9.3.1/thumb/v7e-m+fp/hard/crtn.o
                0x0000000008007924                . = ALIGN (0x4)
                0x0000000008007924                _etext = .

.vfp11_veneer   0x0000000008007924        0x0
 .vfp11_veneer  0x0000000008007924        0x0 linker stubs

.v4_bx          0x0000000008007924        0x0
 .v4_bx         0x0000000008007924        0x0 linker stubs

.iplt           0x0000000008007924        0x0
 .iplt          0x0000000008007924        0x0 c:/st/stm32cubeide_1.7.0/stm32cubeide/plugins/com.st.stm32cube.ide.mcu.externaltools.gnu-tools-for-stm32.9-2020-q2-update.win32_2.0.0.202105311346/tools/bin/../lib/gcc/arm-none-eabi/9.3.1/thumb/v7e-m+fp/hard/crtbegin.o

.rodata         0x0000000008007924      0x6d0
                0x0000000008007924                . = ALIGN (0x4)
 *(.rodata)
 .rodata        0x0000000008007924      0x1fc ./Core/Src/main.o
 .rodata        0x0000000008007b20       0x48 ./Middlewares/Third_Party/FatFs/src/ff.o
 *(.rodata*)
 .rodata.AHBPrescTable
                0x0000000008007b68       0x10 ./Core/Src/system_stm32f4xx.o
                0x0000000008007b68                AHBPrescTable
 .rodata.APBPrescTable
                0x0000000008007b78        0x8 ./Core/Src/system_stm32f4xx.o
                0x0000000008007b78                APBPrescTable
 .rodata.ExCvt  0x0000000008007b80       0x80 ./Middlewares/Third_Party/FatFs/src/ff.o
 .rodata.LfnOfs
                0x0000000008007c00        0xd ./Middlewares/Third_Party/FatFs/src/ff.o
 *fill*         0x0000000008007c0d        0x3 
 .rodata.Tbl    0x0000000008007c10      0x100 ./Middlewares/Third_Party/FatFs/src/option/ccsbcs.o
 .rodata.cvt1.8641
                0x0000000008007d10      0x1f2 ./Middlewares/Third_Party/FatFs/src/option/ccsbcs.o
 *fill*         0x0000000008007f02        0x2 
 .rodata.cvt2.8642
                0x0000000008007f04       0xbc ./Middlewares/Third_Party/FatFs/src/option/ccsbcs.o
 .rodata._svfprintf_r.str1.1
                0x0000000008007fc0       0x11 c:/st/stm32cubeide_1.7.0/stm32cubeide/plugins/com.st.stm32cube.ide.mcu.externaltools.gnu-tools-for-stm32.9-2020-q2-update.win32_2.0.0.202105311346/tools/bin/../lib/gcc/arm-none-eabi/9.3.1/../../../../arm-none-eabi/lib/thumb/v7e-m+fp/hard\libc_nano.a(lib_a-nano-svfprintf.o)
 .rodata._printf_i.str1.1
                0x0000000008007fd1       0x22 c:/st/stm32cubeide_1.7.0/stm32cubeide/plugins/com.st.stm32cube.ide.mcu.externaltools.gnu-tools-for-stm32.9-2020-q2-update.win32_2.0.0.202105311346/tools/bin/../lib/gcc/arm-none-eabi/9.3.1/../../../../arm-none-eabi/lib/thumb/v7e-m+fp/hard\libc_nano.a(lib_a-nano-vfprintf_i.o)
                0x0000000008007ff4                . = ALIGN (0x4)
 *fill*         0x0000000008007ff3        0x1 

.ARM.extab      0x0000000008007ff4        0x0
                0x0000000008007ff4                . = ALIGN (0x4)
 *(.ARM.extab* .gnu.linkonce.armextab.*)
                0x0000000008007ff4                . = ALIGN (0x4)

.ARM            0x0000000008007ff4        0x8
                0x0000000008007ff4                . = ALIGN (0x4)
                0x0000000008007ff4                __exidx_start = .
 *(.ARM.exidx*)
 .ARM.exidx     0x0000000008007ff4        0x8 c:/st/stm32cubeide_1.7.0/stm32cubeide/plugins/com.st.stm32cube.ide.mcu.externaltools.gnu-tools-for-stm32.9-2020-q2-update.win32_2.0.0.202105311346/tools/bin/../lib/gcc/arm-none-eabi/9.3.1/thumb/v7e-m+fp/hard\libgcc.a(_udivmoddi4.o)
                0x0000000008007ffc                __exidx_end = .
                0x0000000008007ffc                . = ALIGN (0x4)

.rel.dyn        0x0000000008007ffc        0x0
 .rel.iplt      0x0000000008007ffc        0x0 c:/st/stm32cubeide_1.7.0/stm32cubeide/plugins/com.st.stm32cube.ide.mcu.externaltools.gnu-tools-for-stm32.9-2020-q2-update.win32_2.0.0.202105311346/tools/bin/../lib/gcc/arm-none-eabi/9.3.1/thumb/v7e-m+fp/hard/crtbegin.o

.preinit_array  0x0000000008007ffc        0x0
                0x0000000008007ffc                . = ALIGN (0x4)
                0x0000000008007ffc                PROVIDE (__preinit_array_start = .)
 *(.preinit_array*)
                0x0000000008007ffc                PROVIDE (__preinit_array_end = .)
                0x0000000008007ffc                . = ALIGN (0x4)

.init_array     0x0000000008007ffc        0x4
                0x0000000008007ffc                . = ALIGN (0x4)
                0x0000000008007ffc                PROVIDE (__init_array_start = .)
 *(SORT_BY_NAME(.init_array.*))
 *(.init_array*)
 .init_array    0x0000000008007ffc        0x4 c:/st/stm32cubeide_1.7.0/stm32cubeide/plugins/com.st.stm32cube.ide.mcu.externaltools.gnu-tools-for-stm32.9-2020-q2-update.win32_2.0.0.202105311346/tools/bin/../lib/gcc/arm-none-eabi/9.3.1/thumb/v7e-m+fp/hard/crtbegin.o
                0x0000000008008000                PROVIDE (__init_array_end = .)
                0x0000000008008000                . = ALIGN (0x4)

.fini_array     0x0000000008008000        0x4
                0x0000000008008000                . = ALIGN (0x4)
                [!provide]                        PROVIDE (__fini_array_start = .)
 *(SORT_BY_NAME(.fini_array.*))
 *(.fini_array*)
 .fini_array    0x0000000008008000        0x4 c:/st/stm32cubeide_1.7.0/stm32cubeide/plugins/com.st.stm32cube.ide.mcu.externaltools.gnu-tools-for-stm32.9-2020-q2-update.win32_2.0.0.202105311346/tools/bin/../lib/gcc/arm-none-eabi/9.3.1/thumb/v7e-m+fp/hard/crtbegin.o
                [!provide]                        PROVIDE (__fini_array_end = .)
                0x0000000008008004                . = ALIGN (0x4)
                0x0000000008008004                _sidata = LOADADDR (.data)

.data           0x0000000020000000       0x88 load address 0x0000000008008004
                0x0000000020000000                . = ALIGN (0x4)
                0x0000000020000000                _sdata = .
 *(.data)
 *(.data*)
 .data.Stat     0x0000000020000000        0x1 ./Core/Src/fatfs_sd.o
 *fill*         0x0000000020000001        0x3 
 .data.SystemCoreClock
                0x0000000020000004        0x4 ./Core/Src/system_stm32f4xx.o
                0x0000000020000004                SystemCoreClock
 .data.uwTickPrio
                0x0000000020000008        0x4 ./Drivers/STM32F4xx_HAL_Driver/Src/stm32f4xx_hal.o
                0x0000000020000008                uwTickPrio
 .data.uwTickFreq
                0x000000002000000c        0x1 ./Drivers/STM32F4xx_HAL_Driver/Src/stm32f4xx_hal.o
                0x000000002000000c                uwTickFreq
 *fill*         0x000000002000000d        0x3 
 .data.USER_Driver
                0x0000000020000010       0x14 ./FATFS/Target/user_diskio.o
                0x0000000020000010                USER_Driver
 .data._impure_ptr
                0x0000000020000024        0x4 c:/st/stm32cubeide_1.7.0/stm32cubeide/plugins/com.st.stm32cube.ide.mcu.externaltools.gnu-tools-for-stm32.9-2020-q2-update.win32_2.0.0.202105311346/tools/bin/../lib/gcc/arm-none-eabi/9.3.1/../../../../arm-none-eabi/lib/thumb/v7e-m+fp/hard\libc_nano.a(lib_a-impure.o)
                0x0000000020000024                _impure_ptr
 .data.impure_data
                0x0000000020000028       0x60 c:/st/stm32cubeide_1.7.0/stm32cubeide/plugins/com.st.stm32cube.ide.mcu.externaltools.gnu-tools-for-stm32.9-2020-q2-update.win32_2.0.0.202105311346/tools/bin/../lib/gcc/arm-none-eabi/9.3.1/../../../../arm-none-eabi/lib/thumb/v7e-m+fp/hard\libc_nano.a(lib_a-impure.o)
 *(.RamFunc)
 *(.RamFunc*)
                0x0000000020000088                . = ALIGN (0x4)
                0x0000000020000088                _edata = .
                0x000000000800808c                _siccmram = LOADADDR (.ccmram)

.igot.plt       0x0000000020000088        0x0 load address 0x000000000800808c
 .igot.plt      0x0000000020000088        0x0 c:/st/stm32cubeide_1.7.0/stm32cubeide/plugins/com.st.stm32cube.ide.mcu.externaltools.gnu-tools-for-stm32.9-2020-q2-update.win32_2.0.0.202105311346/tools/bin/../lib/gcc/arm-none-eabi/9.3.1/thumb/v7e-m+fp/hard/crtbegin.o

.ccmram         0x0000000010000000        0x0 load address 0x000000000800808c
                0x0000000010000000                . = ALIGN (0x4)
                0x0000000010000000                _sccmram = .
 *(.ccmram)
 *(.ccmram*)
                0x0000000010000000                . = ALIGN (0x4)
                0x0000000010000000                _eccmram = .
                0x0000000010000000                . = ALIGN (0x4)

.bss            0x0000000020000088     0x4464
                0x0000000020000088                _sbss = .
                0x0000000020000088                __bss_start__ = _sbss
 *(.bss)
 .bss           0x0000000020000088       0x1c c:/st/stm32cubeide_1.7.0/stm32cubeide/plugins/com.st.stm32cube.ide.mcu.externaltools.gnu-tools-for-stm32.9-2020-q2-update.win32_2.0.0.202105311346/tools/bin/../lib/gcc/arm-none-eabi/9.3.1/thumb/v7e-m+fp/hard/crtbegin.o
 *(.bss*)
 .bss.CardType  0x00000000200000a4        0x1 ./Core/Src/fatfs_sd.o
 .bss.PowerFlag
                0x00000000200000a5        0x1 ./Core/Src/fatfs_sd.o
 *fill*         0x00000000200000a6        0x2 
 .bss.__sbrk_heap_end
                0x00000000200000a8        0x4 ./Core/Src/sysmem.o
 .bss.FatFs     0x00000000200000ac        0x4 ./Middlewares/Third_Party/FatFs/src/ff.o
 .bss.Fsid      0x00000000200000b0        0x2 ./Middlewares/Third_Party/FatFs/src/ff.o
 *fill*         0x00000000200000b2        0x2 
 .bss.Files     0x00000000200000b4       0x20 ./Middlewares/Third_Party/FatFs/src/ff.o
 .bss.LfnBuf    0x00000000200000d4      0x200 ./Middlewares/Third_Party/FatFs/src/ff.o
 .bss.disk      0x00000000200002d4        0xc ./Middlewares/Third_Party/FatFs/src/ff_gen_drv.o
                0x00000000200002d4                disk
 .bss.__malloc_free_list
                0x00000000200002e0        0x4 c:/st/stm32cubeide_1.7.0/stm32cubeide/plugins/com.st.stm32cube.ide.mcu.externaltools.gnu-tools-for-stm32.9-2020-q2-update.win32_2.0.0.202105311346/tools/bin/../lib/gcc/arm-none-eabi/9.3.1/../../../../arm-none-eabi/lib/thumb/v7e-m+fp/hard\libc_nano.a(lib_a-nano-mallocr.o)
                0x00000000200002e0                __malloc_free_list
 .bss.__malloc_sbrk_start
                0x00000000200002e4        0x4 c:/st/stm32cubeide_1.7.0/stm32cubeide/plugins/com.st.stm32cube.ide.mcu.externaltools.gnu-tools-for-stm32.9-2020-q2-update.win32_2.0.0.202105311346/tools/bin/../lib/gcc/arm-none-eabi/9.3.1/../../../../arm-none-eabi/lib/thumb/v7e-m+fp/hard\libc_nano.a(lib_a-nano-mallocr.o)
                0x00000000200002e4                __malloc_sbrk_start
 *(COMMON)
 COMMON         0x00000000200002e8        0x4 ./Core/Src/fatfs_sd.o
                0x00000000200002e8                Timer2
                0x00000000200002ea                Timer1
 COMMON         0x00000000200002ec     0x217c ./Core/Src/main.o
                0x00000000200002ec                fre_clust
                0x00000000200002f0                huart3
                0x0000000020000334                fs
                0x000000002000136c                totalSpace
                0x0000000020001370                buffer
                0x00000000200013d4                freeSpace
                0x00000000200013d8                pfs
                0x00000000200013dc                hspi1
                0x0000000020001434                fres
                0x0000000020001438                fil
 COMMON         0x0000000020002468        0x4 ./Drivers/STM32F4xx_HAL_Driver/Src/stm32f4xx_hal.o
                0x0000000020002468                uwTick
 COMMON         0x000000002000246c     0x2070 ./FATFS/App/fatfs.o
                0x000000002000246c                USERPath
                0x0000000020002470                retUSER
                0x0000000020002474                USERFile
                0x00000000200034a4                USERFatFS
 COMMON         0x00000000200044dc        0x4 c:/st/stm32cubeide_1.7.0/stm32cubeide/plugins/com.st.stm32cube.ide.mcu.externaltools.gnu-tools-for-stm32.9-2020-q2-update.win32_2.0.0.202105311346/tools/bin/../lib/gcc/arm-none-eabi/9.3.1/../../../../arm-none-eabi/lib/thumb/v7e-m+fp/hard\libc_nano.a(lib_a-reent.o)
                0x00000000200044dc                errno
 COMMON         0x00000000200044e0        0x9 c:/st/stm32cubeide_1.7.0/stm32cubeide/plugins/com.st.stm32cube.ide.mcu.externaltools.gnu-tools-for-stm32.9-2020-q2-update.win32_2.0.0.202105311346/tools/bin/../lib/gcc/arm-none-eabi/9.3.1/../../../../arm-none-eabi/lib/thumb/v7e-m+fp/hard\libc_nano.a(lib_a-lock.o)
                0x00000000200044e0                __lock___atexit_recursive_mutex
                0x00000000200044e1                __lock___arc4random_mutex
                0x00000000200044e2                __lock___env_recursive_mutex
                0x00000000200044e3                __lock___sinit_recursive_mutex
                0x00000000200044e4                __lock___malloc_recursive_mutex
                0x00000000200044e5                __lock___at_quick_exit_mutex
                0x00000000200044e6                __lock___dd_hash_mutex
                0x00000000200044e7                __lock___tz_mutex
                0x00000000200044e8                __lock___sfp_recursive_mutex
                0x00000000200044ec                . = ALIGN (0x4)
 *fill*         0x00000000200044e9        0x3 
                0x00000000200044ec                _ebss = .
                0x00000000200044ec                __bss_end__ = _ebss

._user_heap_stack
                0x00000000200044ec      0x604
                0x00000000200044f0                . = ALIGN (0x8)
 *fill*         0x00000000200044ec        0x4 
                [!provide]                        PROVIDE (end = .)
                0x00000000200044f0                PROVIDE (_end = .)
                0x00000000200046f0                . = (. + _Min_Heap_Size)
 *fill*         0x00000000200044f0      0x200 
                0x0000000020004af0                . = (. + _Min_Stack_Size)
 *fill*         0x00000000200046f0      0x400 
                0x0000000020004af0                . = ALIGN (0x8)

/DISCARD/
 libc.a(*)
 libm.a(*)
 libgcc.a(*)

.ARM.attributes
                0x0000000000000000       0x30
 *(.ARM.attributes)
 .ARM.attributes
                0x0000000000000000       0x1e c:/st/stm32cubeide_1.7.0/stm32cubeide/plugins/com.st.stm32cube.ide.mcu.externaltools.gnu-tools-for-stm32.9-2020-q2-update.win32_2.0.0.202105311346/tools/bin/../lib/gcc/arm-none-eabi/9.3.1/thumb/v7e-m+fp/hard/crti.o
 .ARM.attributes
                0x000000000000001e       0x34 c:/st/stm32cubeide_1.7.0/stm32cubeide/plugins/com.st.stm32cube.ide.mcu.externaltools.gnu-tools-for-stm32.9-2020-q2-update.win32_2.0.0.202105311346/tools/bin/../lib/gcc/arm-none-eabi/9.3.1/thumb/v7e-m+fp/hard/crtbegin.o
 .ARM.attributes
                0x0000000000000052       0x34 ./Core/Src/fatfs_sd.o
 .ARM.attributes
                0x0000000000000086       0x34 ./Core/Src/main.o
 .ARM.attributes
                0x00000000000000ba       0x34 ./Core/Src/stm32f4xx_hal_msp.o
 .ARM.attributes
                0x00000000000000ee       0x34 ./Core/Src/stm32f4xx_it.o
 .ARM.attributes
                0x0000000000000122       0x34 ./Core/Src/sysmem.o
 .ARM.attributes
                0x0000000000000156       0x34 ./Core/Src/system_stm32f4xx.o
 .ARM.attributes
                0x000000000000018a       0x21 ./Core/Startup/startup_stm32f407vgtx.o
 .ARM.attributes
                0x00000000000001ab       0x34 ./Drivers/STM32F4xx_HAL_Driver/Src/stm32f4xx_hal.o
 .ARM.attributes
                0x00000000000001df       0x34 ./Drivers/STM32F4xx_HAL_Driver/Src/stm32f4xx_hal_cortex.o
 .ARM.attributes
                0x0000000000000213       0x34 ./Drivers/STM32F4xx_HAL_Driver/Src/stm32f4xx_hal_gpio.o
 .ARM.attributes
                0x0000000000000247       0x34 ./Drivers/STM32F4xx_HAL_Driver/Src/stm32f4xx_hal_rcc.o
 .ARM.attributes
                0x000000000000027b       0x34 ./Drivers/STM32F4xx_HAL_Driver/Src/stm32f4xx_hal_spi.o
 .ARM.attributes
                0x00000000000002af       0x34 ./Drivers/STM32F4xx_HAL_Driver/Src/stm32f4xx_hal_uart.o
 .ARM.attributes
                0x00000000000002e3       0x34 ./FATFS/App/fatfs.o
 .ARM.attributes
                0x0000000000000317       0x34 ./FATFS/Target/user_diskio.o
 .ARM.attributes
                0x000000000000034b       0x34 ./Middlewares/Third_Party/FatFs/src/diskio.o
 .ARM.attributes
                0x000000000000037f       0x34 ./Middlewares/Third_Party/FatFs/src/ff.o
 .ARM.attributes
                0x00000000000003b3       0x34 ./Middlewares/Third_Party/FatFs/src/ff_gen_drv.o
 .ARM.attributes
                0x00000000000003e7       0x34 ./Middlewares/Third_Party/FatFs/src/option/ccsbcs.o
 .ARM.attributes
                0x000000000000041b       0x34 c:/st/stm32cubeide_1.7.0/stm32cubeide/plugins/com.st.stm32cube.ide.mcu.externaltools.gnu-tools-for-stm32.9-2020-q2-update.win32_2.0.0.202105311346/tools/bin/../lib/gcc/arm-none-eabi/9.3.1/../../../../arm-none-eabi/lib/thumb/v7e-m+fp/hard\libc_nano.a(lib_a-errno.o)
 .ARM.attributes
                0x000000000000044f       0x32 c:/st/stm32cubeide_1.7.0/stm32cubeide/plugins/com.st.stm32cube.ide.mcu.externaltools.gnu-tools-for-stm32.9-2020-q2-update.win32_2.0.0.202105311346/tools/bin/../lib/gcc/arm-none-eabi/9.3.1/../../../../arm-none-eabi/lib/thumb/v7e-m+fp/hard\libc_nano.a(lib_a-impure.o)
 .ARM.attributes
                0x0000000000000481       0x34 c:/st/stm32cubeide_1.7.0/stm32cubeide/plugins/com.st.stm32cube.ide.mcu.externaltools.gnu-tools-for-stm32.9-2020-q2-update.win32_2.0.0.202105311346/tools/bin/../lib/gcc/arm-none-eabi/9.3.1/../../../../arm-none-eabi/lib/thumb/v7e-m+fp/hard\libc_nano.a(lib_a-init.o)
 .ARM.attributes
                0x00000000000004b5       0x34 c:/st/stm32cubeide_1.7.0/stm32cubeide/plugins/com.st.stm32cube.ide.mcu.externaltools.gnu-tools-for-stm32.9-2020-q2-update.win32_2.0.0.202105311346/tools/bin/../lib/gcc/arm-none-eabi/9.3.1/../../../../arm-none-eabi/lib/thumb/v7e-m+fp/hard\libc_nano.a(lib_a-memset.o)
 .ARM.attributes
                0x00000000000004e9       0x34 c:/st/stm32cubeide_1.7.0/stm32cubeide/plugins/com.st.stm32cube.ide.mcu.externaltools.gnu-tools-for-stm32.9-2020-q2-update.win32_2.0.0.202105311346/tools/bin/../lib/gcc/arm-none-eabi/9.3.1/../../../../arm-none-eabi/lib/thumb/v7e-m+fp/hard\libc_nano.a(lib_a-sprintf.o)
 .ARM.attributes
                0x000000000000051d       0x17 c:/st/stm32cubeide_1.7.0/stm32cubeide/plugins/com.st.stm32cube.ide.mcu.externaltools.gnu-tools-for-stm32.9-2020-q2-update.win32_2.0.0.202105311346/tools/bin/../lib/gcc/arm-none-eabi/9.3.1/../../../../arm-none-eabi/lib/thumb/v7e-m+fp/hard\libc_nano.a(lib_a-strlen.o)
 .ARM.attributes
                0x0000000000000534       0x34 c:/st/stm32cubeide_1.7.0/stm32cubeide/plugins/com.st.stm32cube.ide.mcu.externaltools.gnu-tools-for-stm32.9-2020-q2-update.win32_2.0.0.202105311346/tools/bin/../lib/gcc/arm-none-eabi/9.3.1/../../../../arm-none-eabi/lib/thumb/v7e-m+fp/hard\libc_nano.a(lib_a-nano-svfprintf.o)
 .ARM.attributes
                0x0000000000000568       0x34 c:/st/stm32cubeide_1.7.0/stm32cubeide/plugins/com.st.stm32cube.ide.mcu.externaltools.gnu-tools-for-stm32.9-2020-q2-update.win32_2.0.0.202105311346/tools/bin/../lib/gcc/arm-none-eabi/9.3.1/../../../../arm-none-eabi/lib/thumb/v7e-m+fp/hard\libc_nano.a(lib_a-nano-vfprintf_i.o)
 .ARM.attributes
                0x000000000000059c       0x1c c:/st/stm32cubeide_1.7.0/stm32cubeide/plugins/com.st.stm32cube.ide.mcu.externaltools.gnu-tools-for-stm32.9-2020-q2-update.win32_2.0.0.202105311346/tools/bin/../lib/gcc/arm-none-eabi/9.3.1/../../../../arm-none-eabi/lib/thumb/v7e-m+fp/hard\libc_nano.a(lib_a-memchr.o)
 .ARM.attributes
                0x00000000000005b8       0x34 c:/st/stm32cubeide_1.7.0/stm32cubeide/plugins/com.st.stm32cube.ide.mcu.externaltools.gnu-tools-for-stm32.9-2020-q2-update.win32_2.0.0.202105311346/tools/bin/../lib/gcc/arm-none-eabi/9.3.1/../../../../arm-none-eabi/lib/thumb/v7e-m+fp/hard\libc_nano.a(lib_a-memcpy-stub.o)
 .ARM.attributes
                0x00000000000005ec       0x34 c:/st/stm32cubeide_1.7.0/stm32cubeide/plugins/com.st.stm32cube.ide.mcu.externaltools.gnu-tools-for-stm32.9-2020-q2-update.win32_2.0.0.202105311346/tools/bin/../lib/gcc/arm-none-eabi/9.3.1/../../../../arm-none-eabi/lib/thumb/v7e-m+fp/hard\libc_nano.a(lib_a-memmove.o)
 .ARM.attributes
                0x0000000000000620       0x34 c:/st/stm32cubeide_1.7.0/stm32cubeide/plugins/com.st.stm32cube.ide.mcu.externaltools.gnu-tools-for-stm32.9-2020-q2-update.win32_2.0.0.202105311346/tools/bin/../lib/gcc/arm-none-eabi/9.3.1/../../../../arm-none-eabi/lib/thumb/v7e-m+fp/hard\libc_nano.a(lib_a-nano-freer.o)
 .ARM.attributes
                0x0000000000000654       0x34 c:/st/stm32cubeide_1.7.0/stm32cubeide/plugins/com.st.stm32cube.ide.mcu.externaltools.gnu-tools-for-stm32.9-2020-q2-update.win32_2.0.0.202105311346/tools/bin/../lib/gcc/arm-none-eabi/9.3.1/../../../../arm-none-eabi/lib/thumb/v7e-m+fp/hard\libc_nano.a(lib_a-nano-mallocr.o)
 .ARM.attributes
                0x0000000000000688       0x34 c:/st/stm32cubeide_1.7.0/stm32cubeide/plugins/com.st.stm32cube.ide.mcu.externaltools.gnu-tools-for-stm32.9-2020-q2-update.win32_2.0.0.202105311346/tools/bin/../lib/gcc/arm-none-eabi/9.3.1/../../../../arm-none-eabi/lib/thumb/v7e-m+fp/hard\libc_nano.a(lib_a-nano-reallocr.o)
 .ARM.attributes
                0x00000000000006bc       0x34 c:/st/stm32cubeide_1.7.0/stm32cubeide/plugins/com.st.stm32cube.ide.mcu.externaltools.gnu-tools-for-stm32.9-2020-q2-update.win32_2.0.0.202105311346/tools/bin/../lib/gcc/arm-none-eabi/9.3.1/../../../../arm-none-eabi/lib/thumb/v7e-m+fp/hard\libc_nano.a(lib_a-sbrkr.o)
 .ARM.attributes
                0x00000000000006f0       0x34 c:/st/stm32cubeide_1.7.0/stm32cubeide/plugins/com.st.stm32cube.ide.mcu.externaltools.gnu-tools-for-stm32.9-2020-q2-update.win32_2.0.0.202105311346/tools/bin/../lib/gcc/arm-none-eabi/9.3.1/../../../../arm-none-eabi/lib/thumb/v7e-m+fp/hard\libc_nano.a(lib_a-mlock.o)
 .ARM.attributes
                0x0000000000000724       0x34 c:/st/stm32cubeide_1.7.0/stm32cubeide/plugins/com.st.stm32cube.ide.mcu.externaltools.gnu-tools-for-stm32.9-2020-q2-update.win32_2.0.0.202105311346/tools/bin/../lib/gcc/arm-none-eabi/9.3.1/../../../../arm-none-eabi/lib/thumb/v7e-m+fp/hard\libc_nano.a(lib_a-nano-msizer.o)
 .ARM.attributes
                0x0000000000000758       0x34 c:/st/stm32cubeide_1.7.0/stm32cubeide/plugins/com.st.stm32cube.ide.mcu.externaltools.gnu-tools-for-stm32.9-2020-q2-update.win32_2.0.0.202105311346/tools/bin/../lib/gcc/arm-none-eabi/9.3.1/../../../../arm-none-eabi/lib/thumb/v7e-m+fp/hard\libc_nano.a(lib_a-reent.o)
 .ARM.attributes
                0x000000000000078c       0x34 c:/st/stm32cubeide_1.7.0/stm32cubeide/plugins/com.st.stm32cube.ide.mcu.externaltools.gnu-tools-for-stm32.9-2020-q2-update.win32_2.0.0.202105311346/tools/bin/../lib/gcc/arm-none-eabi/9.3.1/../../../../arm-none-eabi/lib/thumb/v7e-m+fp/hard\libc_nano.a(lib_a-lock.o)
 .ARM.attributes
                0x00000000000007c0       0x1e c:/st/stm32cubeide_1.7.0/stm32cubeide/plugins/com.st.stm32cube.ide.mcu.externaltools.gnu-tools-for-stm32.9-2020-q2-update.win32_2.0.0.202105311346/tools/bin/../lib/gcc/arm-none-eabi/9.3.1/thumb/v7e-m+fp/hard\libgcc.a(_arm_muldf3.o)
 .ARM.attributes
                0x00000000000007de       0x1e c:/st/stm32cubeide_1.7.0/stm32cubeide/plugins/com.st.stm32cube.ide.mcu.externaltools.gnu-tools-for-stm32.9-2020-q2-update.win32_2.0.0.202105311346/tools/bin/../lib/gcc/arm-none-eabi/9.3.1/thumb/v7e-m+fp/hard\libgcc.a(_arm_addsubdf3.o)
 .ARM.attributes
                0x00000000000007fc       0x1e c:/st/stm32cubeide_1.7.0/stm32cubeide/plugins/com.st.stm32cube.ide.mcu.externaltools.gnu-tools-for-stm32.9-2020-q2-update.win32_2.0.0.202105311346/tools/bin/../lib/gcc/arm-none-eabi/9.3.1/thumb/v7e-m+fp/hard\libgcc.a(_arm_fixunsdfsi.o)
 .ARM.attributes
                0x000000000000081a       0x1e c:/st/stm32cubeide_1.7.0/stm32cubeide/plugins/com.st.stm32cube.ide.mcu.externaltools.gnu-tools-for-stm32.9-2020-q2-update.win32_2.0.0.202105311346/tools/bin/../lib/gcc/arm-none-eabi/9.3.1/thumb/v7e-m+fp/hard\libgcc.a(_aeabi_uldivmod.o)
 .ARM.attributes
                0x0000000000000838       0x34 c:/st/stm32cubeide_1.7.0/stm32cubeide/plugins/com.st.stm32cube.ide.mcu.externaltools.gnu-tools-for-stm32.9-2020-q2-update.win32_2.0.0.202105311346/tools/bin/../lib/gcc/arm-none-eabi/9.3.1/thumb/v7e-m+fp/hard\libgcc.a(_udivmoddi4.o)
 .ARM.attributes
                0x000000000000086c       0x1e c:/st/stm32cubeide_1.7.0/stm32cubeide/plugins/com.st.stm32cube.ide.mcu.externaltools.gnu-tools-for-stm32.9-2020-q2-update.win32_2.0.0.202105311346/tools/bin/../lib/gcc/arm-none-eabi/9.3.1/thumb/v7e-m+fp/hard\libgcc.a(_dvmd_tls.o)
 .ARM.attributes
                0x000000000000088a       0x1e c:/st/stm32cubeide_1.7.0/stm32cubeide/plugins/com.st.stm32cube.ide.mcu.externaltools.gnu-tools-for-stm32.9-2020-q2-update.win32_2.0.0.202105311346/tools/bin/../lib/gcc/arm-none-eabi/9.3.1/thumb/v7e-m+fp/hard/crtn.o
OUTPUT(STM32 External Storage.elf elf32-littlearm)
LOAD linker stubs
LOAD c:/st/stm32cubeide_1.7.0/stm32cubeide/plugins/com.st.stm32cube.ide.mcu.externaltools.gnu-tools-for-stm32.9-2020-q2-update.win32_2.0.0.202105311346/tools/bin/../lib/gcc/arm-none-eabi/9.3.1/../../../../arm-none-eabi/lib/thumb/v7e-m+fp/hard\libc.a
LOAD c:/st/stm32cubeide_1.7.0/stm32cubeide/plugins/com.st.stm32cube.ide.mcu.externaltools.gnu-tools-for-stm32.9-2020-q2-update.win32_2.0.0.202105311346/tools/bin/../lib/gcc/arm-none-eabi/9.3.1/../../../../arm-none-eabi/lib/thumb/v7e-m+fp/hard\libm.a
LOAD c:/st/stm32cubeide_1.7.0/stm32cubeide/plugins/com.st.stm32cube.ide.mcu.externaltools.gnu-tools-for-stm32.9-2020-q2-update.win32_2.0.0.202105311346/tools/bin/../lib/gcc/arm-none-eabi/9.3.1/thumb/v7e-m+fp/hard\libgcc.a

.debug_info     0x0000000000000000    0x135ad
 .debug_info    0x0000000000000000      0xce0 ./Core/Src/fatfs_sd.o
 .debug_info    0x0000000000000ce0     0x1d36 ./Core/Src/main.o
 .debug_info    0x0000000000002a16      0xd14 ./Core/Src/stm32f4xx_hal_msp.o
 .debug_info    0x000000000000372a      0x775 ./Core/Src/stm32f4xx_it.o
 .debug_info    0x0000000000003e9f      0xa25 ./Core/Src/sysmem.o
 .debug_info    0x00000000000048c4      0x5a4 ./Core/Src/system_stm32f4xx.o
 .debug_info    0x0000000000004e68       0x22 ./Core/Startup/startup_stm32f407vgtx.o
 .debug_info    0x0000000000004e8a      0x9b2 ./Drivers/STM32F4xx_HAL_Driver/Src/stm32f4xx_hal.o
 .debug_info    0x000000000000583c      0xed7 ./Drivers/STM32F4xx_HAL_Driver/Src/stm32f4xx_hal_cortex.o
 .debug_info    0x0000000000006713      0x83e ./Drivers/STM32F4xx_HAL_Driver/Src/stm32f4xx_hal_gpio.o
 .debug_info    0x0000000000006f51      0x996 ./Drivers/STM32F4xx_HAL_Driver/Src/stm32f4xx_hal_rcc.o
 .debug_info    0x00000000000078e7     0x17c0 ./Drivers/STM32F4xx_HAL_Driver/Src/stm32f4xx_hal_spi.o
 .debug_info    0x00000000000090a7     0x31de ./Drivers/STM32F4xx_HAL_Driver/Src/stm32f4xx_hal_uart.o
 .debug_info    0x000000000000c285      0xe90 ./FATFS/App/fatfs.o
 .debug_info    0x000000000000d115      0xd30 ./FATFS/Target/user_diskio.o
 .debug_info    0x000000000000de45      0xda8 ./Middlewares/Third_Party/FatFs/src/diskio.o
 .debug_info    0x000000000000ebed     0x3111 ./Middlewares/Third_Party/FatFs/src/ff.o
 .debug_info    0x0000000000011cfe      0xd39 ./Middlewares/Third_Party/FatFs/src/ff_gen_drv.o
 .debug_info    0x0000000000012a37      0xb76 ./Middlewares/Third_Party/FatFs/src/option/ccsbcs.o

.debug_abbrev   0x0000000000000000     0x28f3
 .debug_abbrev  0x0000000000000000      0x2be ./Core/Src/fatfs_sd.o
 .debug_abbrev  0x00000000000002be      0x33e ./Core/Src/main.o
 .debug_abbrev  0x00000000000005fc      0x1ac ./Core/Src/stm32f4xx_hal_msp.o
 .debug_abbrev  0x00000000000007a8      0x174 ./Core/Src/stm32f4xx_it.o
 .debug_abbrev  0x000000000000091c      0x1bf ./Core/Src/sysmem.o
 .debug_abbrev  0x0000000000000adb      0x145 ./Core/Src/system_stm32f4xx.o
 .debug_abbrev  0x0000000000000c20       0x12 ./Core/Startup/startup_stm32f407vgtx.o
 .debug_abbrev  0x0000000000000c32      0x1ed ./Drivers/STM32F4xx_HAL_Driver/Src/stm32f4xx_hal.o
 .debug_abbrev  0x0000000000000e1f      0x33c ./Drivers/STM32F4xx_HAL_Driver/Src/stm32f4xx_hal_cortex.o
 .debug_abbrev  0x000000000000115b      0x1f1 ./Drivers/STM32F4xx_HAL_Driver/Src/stm32f4xx_hal_gpio.o
 .debug_abbrev  0x000000000000134c      0x275 ./Drivers/STM32F4xx_HAL_Driver/Src/stm32f4xx_hal_rcc.o
 .debug_abbrev  0x00000000000015c1      0x26e ./Drivers/STM32F4xx_HAL_Driver/Src/stm32f4xx_hal_spi.o
 .debug_abbrev  0x000000000000182f      0x2eb ./Drivers/STM32F4xx_HAL_Driver/Src/stm32f4xx_hal_uart.o
 .debug_abbrev  0x0000000000001b1a      0x209 ./FATFS/App/fatfs.o
 .debug_abbrev  0x0000000000001d23      0x235 ./FATFS/Target/user_diskio.o
 .debug_abbrev  0x0000000000001f58      0x237 ./Middlewares/Third_Party/FatFs/src/diskio.o
 .debug_abbrev  0x000000000000218f      0x2e1 ./Middlewares/Third_Party/FatFs/src/ff.o
 .debug_abbrev  0x0000000000002470      0x268 ./Middlewares/Third_Party/FatFs/src/ff_gen_drv.o
 .debug_abbrev  0x00000000000026d8      0x21b ./Middlewares/Third_Party/FatFs/src/option/ccsbcs.o

.debug_aranges  0x0000000000000000      0xc08
 .debug_aranges
                0x0000000000000000       0xa8 ./Core/Src/fatfs_sd.o
 .debug_aranges
                0x00000000000000a8       0x50 ./Core/Src/main.o
 .debug_aranges
                0x00000000000000f8       0x40 ./Core/Src/stm32f4xx_hal_msp.o
 .debug_aranges
                0x0000000000000138       0x60 ./Core/Src/stm32f4xx_it.o
 .debug_aranges
                0x0000000000000198       0x20 ./Core/Src/sysmem.o
 .debug_aranges
                0x00000000000001b8       0x28 ./Core/Src/system_stm32f4xx.o
 .debug_aranges
                0x00000000000001e0       0x28 ./Core/Startup/startup_stm32f407vgtx.o
 .debug_aranges
                0x0000000000000208       0xf0 ./Drivers/STM32F4xx_HAL_Driver/Src/stm32f4xx_hal.o
 .debug_aranges
                0x00000000000002f8      0x118 ./Drivers/STM32F4xx_HAL_Driver/Src/stm32f4xx_hal_cortex.o
 .debug_aranges
                0x0000000000000410       0x58 ./Drivers/STM32F4xx_HAL_Driver/Src/stm32f4xx_hal_gpio.o
 .debug_aranges
                0x0000000000000468       0x88 ./Drivers/STM32F4xx_HAL_Driver/Src/stm32f4xx_hal_rcc.o
 .debug_aranges
                0x00000000000004f0      0x1d0 ./Drivers/STM32F4xx_HAL_Driver/Src/stm32f4xx_hal_spi.o
 .debug_aranges
                0x00000000000006c0      0x200 ./Drivers/STM32F4xx_HAL_Driver/Src/stm32f4xx_hal_uart.o
 .debug_aranges
                0x00000000000008c0       0x28 ./FATFS/App/fatfs.o
 .debug_aranges
                0x00000000000008e8       0x40 ./FATFS/Target/user_diskio.o
 .debug_aranges
                0x0000000000000928       0x48 ./Middlewares/Third_Party/FatFs/src/diskio.o
 .debug_aranges
                0x0000000000000970      0x230 ./Middlewares/Third_Party/FatFs/src/ff.o
 .debug_aranges
                0x0000000000000ba0       0x40 ./Middlewares/Third_Party/FatFs/src/ff_gen_drv.o
 .debug_aranges
                0x0000000000000be0       0x28 ./Middlewares/Third_Party/FatFs/src/option/ccsbcs.o

.debug_ranges   0x0000000000000000      0xb10
 .debug_ranges  0x0000000000000000       0x98 ./Core/Src/fatfs_sd.o
 .debug_ranges  0x0000000000000098       0x40 ./Core/Src/main.o
 .debug_ranges  0x00000000000000d8       0x30 ./Core/Src/stm32f4xx_hal_msp.o
 .debug_ranges  0x0000000000000108       0x50 ./Core/Src/stm32f4xx_it.o
 .debug_ranges  0x0000000000000158       0x10 ./Core/Src/sysmem.o
 .debug_ranges  0x0000000000000168       0x18 ./Core/Src/system_stm32f4xx.o
 .debug_ranges  0x0000000000000180       0x20 ./Core/Startup/startup_stm32f407vgtx.o
 .debug_ranges  0x00000000000001a0       0xe0 ./Drivers/STM32F4xx_HAL_Driver/Src/stm32f4xx_hal.o
 .debug_ranges  0x0000000000000280      0x108 ./Drivers/STM32F4xx_HAL_Driver/Src/stm32f4xx_hal_cortex.o
 .debug_ranges  0x0000000000000388       0x48 ./Drivers/STM32F4xx_HAL_Driver/Src/stm32f4xx_hal_gpio.o
 .debug_ranges  0x00000000000003d0       0x78 ./Drivers/STM32F4xx_HAL_Driver/Src/stm32f4xx_hal_rcc.o
 .debug_ranges  0x0000000000000448      0x1c0 ./Drivers/STM32F4xx_HAL_Driver/Src/stm32f4xx_hal_spi.o
 .debug_ranges  0x0000000000000608      0x220 ./Drivers/STM32F4xx_HAL_Driver/Src/stm32f4xx_hal_uart.o
 .debug_ranges  0x0000000000000828       0x18 ./FATFS/App/fatfs.o
 .debug_ranges  0x0000000000000840       0x30 ./FATFS/Target/user_diskio.o
 .debug_ranges  0x0000000000000870       0x38 ./Middlewares/Third_Party/FatFs/src/diskio.o
 .debug_ranges  0x00000000000008a8      0x220 ./Middlewares/Third_Party/FatFs/src/ff.o
 .debug_ranges  0x0000000000000ac8       0x30 ./Middlewares/Third_Party/FatFs/src/ff_gen_drv.o
 .debug_ranges  0x0000000000000af8       0x18 ./Middlewares/Third_Party/FatFs/src/option/ccsbcs.o

.debug_macro    0x0000000000000000    0x22429
 .debug_macro   0x0000000000000000      0x1f7 ./Core/Src/fatfs_sd.o
 .debug_macro   0x00000000000001f7      0xaa8 ./Core/Src/fatfs_sd.o
 .debug_macro   0x0000000000000c9f      0x29b ./Core/Src/fatfs_sd.o
 .debug_macro   0x0000000000000f3a       0x2e ./Core/Src/fatfs_sd.o
 .debug_macro   0x0000000000000f68       0x2f ./Core/Src/fatfs_sd.o
 .debug_macro   0x0000000000000f97       0x22 ./Core/Src/fatfs_sd.o
 .debug_macro   0x0000000000000fb9       0x8e ./Core/Src/fatfs_sd.o
 .debug_macro   0x0000000000001047       0x51 ./Core/Src/fatfs_sd.o
 .debug_macro   0x0000000000001098      0x103 ./Core/Src/fatfs_sd.o
 .debug_macro   0x000000000000119b       0x6a ./Core/Src/fatfs_sd.o
 .debug_macro   0x0000000000001205      0x1df ./Core/Src/fatfs_sd.o
 .debug_macro   0x00000000000013e4       0x1c ./Core/Src/fatfs_sd.o
 .debug_macro   0x0000000000001400       0x22 ./Core/Src/fatfs_sd.o
 .debug_macro   0x0000000000001422       0xdf ./Core/Src/fatfs_sd.o
 .debug_macro   0x0000000000001501     0x102d ./Core/Src/fatfs_sd.o
 .debug_macro   0x000000000000252e      0x11f ./Core/Src/fatfs_sd.o
 .debug_macro   0x000000000000264d    0x15e58 ./Core/Src/fatfs_sd.o
 .debug_macro   0x00000000000184a5       0x6d ./Core/Src/fatfs_sd.o
 .debug_macro   0x0000000000018512     0x3666 ./Core/Src/fatfs_sd.o
 .debug_macro   0x000000000001bb78      0x174 ./Core/Src/fatfs_sd.o
 .debug_macro   0x000000000001bcec       0x5c ./Core/Src/fatfs_sd.o
 .debug_macro   0x000000000001bd48      0x96b ./Core/Src/fatfs_sd.o
 .debug_macro   0x000000000001c6b3      0x9fe ./Core/Src/fatfs_sd.o
 .debug_macro   0x000000000001d0b1      0x116 ./Core/Src/fatfs_sd.o
 .debug_macro   0x000000000001d1c7      0x13e ./Core/Src/fatfs_sd.o
 .debug_macro   0x000000000001d305       0xa5 ./Core/Src/fatfs_sd.o
 .debug_macro   0x000000000001d3aa      0x174 ./Core/Src/fatfs_sd.o
 .debug_macro   0x000000000001d51e      0x287 ./Core/Src/fatfs_sd.o
 .debug_macro   0x000000000001d7a5       0x5f ./Core/Src/fatfs_sd.o
 .debug_macro   0x000000000001d804      0x236 ./Core/Src/fatfs_sd.o
 .debug_macro   0x000000000001da3a      0x12c ./Core/Src/fatfs_sd.o
 .debug_macro   0x000000000001db66      0x21e ./Core/Src/fatfs_sd.o
 .debug_macro   0x000000000001dd84       0x2e ./Core/Src/fatfs_sd.o
 .debug_macro   0x000000000001ddb2      0x11a ./Core/Src/fatfs_sd.o
 .debug_macro   0x000000000001decc       0x7e ./Core/Src/fatfs_sd.o
 .debug_macro   0x000000000001df4a       0x89 ./Core/Src/fatfs_sd.o
 .debug_macro   0x000000000001dfd3      0x225 ./Core/Src/fatfs_sd.o
 .debug_macro   0x000000000001e1f8      0x295 ./Core/Src/fatfs_sd.o
 .debug_macro   0x000000000001e48d      0x12d ./Core/Src/fatfs_sd.o
 .debug_macro   0x000000000001e5ba       0x16 ./Core/Src/fatfs_sd.o
 .debug_macro   0x000000000001e5d0       0x7c ./Core/Src/fatfs_sd.o
 .debug_macro   0x000000000001e64c       0x9a ./Core/Src/fatfs_sd.o
 .debug_macro   0x000000000001e6e6      0x3e7 ./Core/Src/main.o
 .debug_macro   0x000000000001eacd       0xeb ./Core/Src/main.o
 .debug_macro   0x000000000001ebb8       0x18 ./Core/Src/main.o
 .debug_macro   0x000000000001ebd0       0x52 ./Core/Src/main.o
 .debug_macro   0x000000000001ec22       0x3c ./Core/Src/main.o
 .debug_macro   0x000000000001ec5e       0x34 ./Core/Src/main.o
 .debug_macro   0x000000000001ec92       0x16 ./Core/Src/main.o
 .debug_macro   0x000000000001eca8       0x35 ./Core/Src/main.o
 .debug_macro   0x000000000001ecdd       0x16 ./Core/Src/main.o
 .debug_macro   0x000000000001ecf3       0x43 ./Core/Src/main.o
 .debug_macro   0x000000000001ed36       0x34 ./Core/Src/main.o
 .debug_macro   0x000000000001ed6a       0x10 ./Core/Src/main.o
 .debug_macro   0x000000000001ed7a       0x58 ./Core/Src/main.o
 .debug_macro   0x000000000001edd2       0x71 ./Core/Src/main.o
 .debug_macro   0x000000000001ee43       0x1c ./Core/Src/main.o
 .debug_macro   0x000000000001ee5f      0x12a ./Core/Src/main.o
 .debug_macro   0x000000000001ef89      0x333 ./Core/Src/main.o
 .debug_macro   0x000000000001f2bc       0x16 ./Core/Src/main.o
 .debug_macro   0x000000000001f2d2       0x29 ./Core/Src/main.o
 .debug_macro   0x000000000001f2fb       0x12 ./Core/Src/main.o
 .debug_macro   0x000000000001f30d       0xe2 ./Core/Src/main.o
 .debug_macro   0x000000000001f3ef       0x8e ./Core/Src/main.o
 .debug_macro   0x000000000001f47d       0x16 ./Core/Src/main.o
 .debug_macro   0x000000000001f493       0x20 ./Core/Src/main.o
 .debug_macro   0x000000000001f4b3       0x1c ./Core/Src/main.o
 .debug_macro   0x000000000001f4cf       0x10 ./Core/Src/main.o
 .debug_macro   0x000000000001f4df       0x10 ./Core/Src/main.o
 .debug_macro   0x000000000001f4ef       0x1c ./Core/Src/main.o
 .debug_macro   0x000000000001f50b       0x52 ./Core/Src/main.o
 .debug_macro   0x000000000001f55d       0x22 ./Core/Src/main.o
 .debug_macro   0x000000000001f57f       0x10 ./Core/Src/main.o
 .debug_macro   0x000000000001f58f       0x40 ./Core/Src/main.o
 .debug_macro   0x000000000001f5cf       0xd5 ./Core/Src/main.o
 .debug_macro   0x000000000001f6a4       0x1c ./Core/Src/main.o
 .debug_macro   0x000000000001f6c0       0x3d ./Core/Src/main.o
 .debug_macro   0x000000000001f6fd       0x16 ./Core/Src/main.o
 .debug_macro   0x000000000001f713      0x145 ./Core/Src/main.o
 .debug_macro   0x000000000001f858      0x1ce ./Core/Src/stm32f4xx_hal_msp.o
 .debug_macro   0x000000000001fa26      0x1d8 ./Core/Src/stm32f4xx_it.o
 .debug_macro   0x000000000001fbfe       0xff ./Core/Src/sysmem.o
 .debug_macro   0x000000000001fcfd      0x23b ./Core/Src/sysmem.o
 .debug_macro   0x000000000001ff38      0x1c4 ./Core/Src/system_stm32f4xx.o
 .debug_macro   0x00000000000200fc      0x224 ./Drivers/STM32F4xx_HAL_Driver/Src/stm32f4xx_hal.o
 .debug_macro   0x0000000000020320      0x1c4 ./Drivers/STM32F4xx_HAL_Driver/Src/stm32f4xx_hal_cortex.o
 .debug_macro   0x00000000000204e4      0x1ca ./Drivers/STM32F4xx_HAL_Driver/Src/stm32f4xx_hal_gpio.o
 .debug_macro   0x00000000000206ae      0x1e8 ./Drivers/STM32F4xx_HAL_Driver/Src/stm32f4xx_hal_rcc.o
 .debug_macro   0x0000000000020896      0x1d3 ./Drivers/STM32F4xx_HAL_Driver/Src/stm32f4xx_hal_spi.o
 .debug_macro   0x0000000000020a69      0x1c5 ./Drivers/STM32F4xx_HAL_Driver/Src/stm32f4xx_hal_uart.o
 .debug_macro   0x0000000000020c2e      0x2f3 ./FATFS/App/fatfs.o
 .debug_macro   0x0000000000020f21       0xe5 ./FATFS/App/fatfs.o
 .debug_macro   0x0000000000021006      0x310 ./FATFS/Target/user_diskio.o
 .debug_macro   0x0000000000021316       0x10 ./FATFS/Target/user_diskio.o
 .debug_macro   0x0000000000021326       0xd9 ./FATFS/Target/user_diskio.o
 .debug_macro   0x00000000000213ff       0x56 ./FATFS/Target/user_diskio.o
 .debug_macro   0x0000000000021455      0x2e0 ./Middlewares/Third_Party/FatFs/src/diskio.o
 .debug_macro   0x0000000000021735      0x6ee ./Middlewares/Third_Party/FatFs/src/ff.o
 .debug_macro   0x0000000000021e23       0x58 ./Middlewares/Third_Party/FatFs/src/ff.o
 .debug_macro   0x0000000000021e7b      0x2e0 ./Middlewares/Third_Party/FatFs/src/ff_gen_drv.o
 .debug_macro   0x000000000002215b      0x2ce ./Middlewares/Third_Party/FatFs/src/option/ccsbcs.o

.debug_line     0x0000000000000000    0x112ed
 .debug_line    0x0000000000000000      0xdc1 ./Core/Src/fatfs_sd.o
 .debug_line    0x0000000000000dc1      0xbbe ./Core/Src/main.o
 .debug_line    0x000000000000197f      0x747 ./Core/Src/stm32f4xx_hal_msp.o
 .debug_line    0x00000000000020c6      0x782 ./Core/Src/stm32f4xx_it.o
 .debug_line    0x0000000000002848      0x4f8 ./Core/Src/sysmem.o
 .debug_line    0x0000000000002d40      0x72e ./Core/Src/system_stm32f4xx.o
 .debug_line    0x000000000000346e       0x88 ./Core/Startup/startup_stm32f407vgtx.o
 .debug_line    0x00000000000034f6      0x994 ./Drivers/STM32F4xx_HAL_Driver/Src/stm32f4xx_hal.o
 .debug_line    0x0000000000003e8a      0xc43 ./Drivers/STM32F4xx_HAL_Driver/Src/stm32f4xx_hal_cortex.o
 .debug_line    0x0000000000004acd      0xb0a ./Drivers/STM32F4xx_HAL_Driver/Src/stm32f4xx_hal_gpio.o
 .debug_line    0x00000000000055d7      0xd0e ./Drivers/STM32F4xx_HAL_Driver/Src/stm32f4xx_hal_rcc.o
 .debug_line    0x00000000000062e5     0x1c1c ./Drivers/STM32F4xx_HAL_Driver/Src/stm32f4xx_hal_spi.o
 .debug_line    0x0000000000007f01     0x2a1b ./Drivers/STM32F4xx_HAL_Driver/Src/stm32f4xx_hal_uart.o
 .debug_line    0x000000000000a91c      0x89a ./FATFS/App/fatfs.o
 .debug_line    0x000000000000b1b6      0x8f0 ./FATFS/Target/user_diskio.o
 .debug_line    0x000000000000baa6      0x909 ./Middlewares/Third_Party/FatFs/src/diskio.o
 .debug_line    0x000000000000c3af     0x3cb0 ./Middlewares/Third_Party/FatFs/src/ff.o
 .debug_line    0x000000000001005f      0x927 ./Middlewares/Third_Party/FatFs/src/ff_gen_drv.o
 .debug_line    0x0000000000010986      0x967 ./Middlewares/Third_Party/FatFs/src/option/ccsbcs.o

.debug_str      0x0000000000000000    0xc65a9
 .debug_str     0x0000000000000000    0xbe1e0 ./Core/Src/fatfs_sd.o
                                      0xbe4f1 (size before relaxing)
 .debug_str     0x00000000000be1e0     0x4cfe ./Core/Src/main.o
                                      0xc318f (size before relaxing)
 .debug_str     0x00000000000c2ede       0x7d ./Core/Src/stm32f4xx_hal_msp.o
                                      0xbe351 (size before relaxing)
 .debug_str     0x00000000000c2f5b       0xca ./Core/Src/stm32f4xx_it.o
                                      0xbe0c4 (size before relaxing)
 .debug_str     0x00000000000c3025      0x4e9 ./Core/Src/sysmem.o
                                       0x62a4 (size before relaxing)
 .debug_str     0x00000000000c350e       0xaf ./Core/Src/system_stm32f4xx.o
                                      0xbdd4b (size before relaxing)
 .debug_str     0x00000000000c35bd       0x36 ./Core/Startup/startup_stm32f407vgtx.o
                                         0x75 (size before relaxing)
 .debug_str     0x00000000000c35f3      0xa54 ./Drivers/STM32F4xx_HAL_Driver/Src/stm32f4xx_hal.o
                                      0xbe82d (size before relaxing)
 .debug_str     0x00000000000c4047      0x399 ./Drivers/STM32F4xx_HAL_Driver/Src/stm32f4xx_hal_cortex.o
                                      0xbe61c (size before relaxing)
 .debug_str     0x00000000000c43e0      0x15f ./Drivers/STM32F4xx_HAL_Driver/Src/stm32f4xx_hal_gpio.o
                                      0xbdef2 (size before relaxing)
 .debug_str     0x00000000000c453f      0x259 ./Drivers/STM32F4xx_HAL_Driver/Src/stm32f4xx_hal_rcc.o
                                      0xbe14d (size before relaxing)
 .debug_str     0x00000000000c4798      0x57a ./Drivers/STM32F4xx_HAL_Driver/Src/stm32f4xx_hal_spi.o
                                      0xbe5ef (size before relaxing)
 .debug_str     0x00000000000c4d12      0x5fb ./Drivers/STM32F4xx_HAL_Driver/Src/stm32f4xx_hal_uart.o
                                      0xbe6d3 (size before relaxing)
 .debug_str     0x00000000000c530d       0x2f ./FATFS/App/fatfs.o
                                      0xc1631 (size before relaxing)
 .debug_str     0x00000000000c533c       0x6d ./FATFS/Target/user_diskio.o
                                      0xc1608 (size before relaxing)
 .debug_str     0x00000000000c53a9       0x52 ./Middlewares/Third_Party/FatFs/src/diskio.o
                                      0xc153e (size before relaxing)
 .debug_str     0x00000000000c53fb     0x10ac ./Middlewares/Third_Party/FatFs/src/ff.o
                                      0xc27f0 (size before relaxing)
 .debug_str     0x00000000000c64a7       0xa2 ./Middlewares/Third_Party/FatFs/src/ff_gen_drv.o
                                      0xc158f (size before relaxing)
 .debug_str     0x00000000000c6549       0x60 ./Middlewares/Third_Party/FatFs/src/option/ccsbcs.o
                                      0xc1325 (size before relaxing)

.comment        0x0000000000000000       0x53
 .comment       0x0000000000000000       0x53 ./Core/Src/fatfs_sd.o
                                         0x54 (size before relaxing)
 .comment       0x0000000000000053       0x54 ./Core/Src/main.o
 .comment       0x0000000000000053       0x54 ./Core/Src/stm32f4xx_hal_msp.o
 .comment       0x0000000000000053       0x54 ./Core/Src/stm32f4xx_it.o
 .comment       0x0000000000000053       0x54 ./Core/Src/sysmem.o
 .comment       0x0000000000000053       0x54 ./Core/Src/system_stm32f4xx.o
 .comment       0x0000000000000053       0x54 ./Drivers/STM32F4xx_HAL_Driver/Src/stm32f4xx_hal.o
 .comment       0x0000000000000053       0x54 ./Drivers/STM32F4xx_HAL_Driver/Src/stm32f4xx_hal_cortex.o
 .comment       0x0000000000000053       0x54 ./Drivers/STM32F4xx_HAL_Driver/Src/stm32f4xx_hal_gpio.o
 .comment       0x0000000000000053       0x54 ./Drivers/STM32F4xx_HAL_Driver/Src/stm32f4xx_hal_rcc.o
 .comment       0x0000000000000053       0x54 ./Drivers/STM32F4xx_HAL_Driver/Src/stm32f4xx_hal_spi.o
 .comment       0x0000000000000053       0x54 ./Drivers/STM32F4xx_HAL_Driver/Src/stm32f4xx_hal_uart.o
 .comment       0x0000000000000053       0x54 ./FATFS/App/fatfs.o
 .comment       0x0000000000000053       0x54 ./FATFS/Target/user_diskio.o
 .comment       0x0000000000000053       0x54 ./Middlewares/Third_Party/FatFs/src/diskio.o
 .comment       0x0000000000000053       0x54 ./Middlewares/Third_Party/FatFs/src/ff.o
 .comment       0x0000000000000053       0x54 ./Middlewares/Third_Party/FatFs/src/ff_gen_drv.o
 .comment       0x0000000000000053       0x54 ./Middlewares/Third_Party/FatFs/src/option/ccsbcs.o

.debug_frame    0x0000000000000000     0x3538
 .debug_frame   0x0000000000000000      0x28c ./Core/Src/fatfs_sd.o
 .debug_frame   0x000000000000028c       0xec ./Core/Src/main.o
 .debug_frame   0x0000000000000378       0xc8 ./Core/Src/stm32f4xx_hal_msp.o
 .debug_frame   0x0000000000000440      0x104 ./Core/Src/stm32f4xx_it.o
 .debug_frame   0x0000000000000544       0x34 ./Core/Src/sysmem.o
 .debug_frame   0x0000000000000578       0x58 ./Core/Src/system_stm32f4xx.o
 .debug_frame   0x00000000000005d0      0x374 ./Drivers/STM32F4xx_HAL_Driver/Src/stm32f4xx_hal.o
 .debug_frame   0x0000000000000944      0x498 ./Drivers/STM32F4xx_HAL_Driver/Src/stm32f4xx_hal_cortex.o
 .debug_frame   0x0000000000000ddc      0x14c ./Drivers/STM32F4xx_HAL_Driver/Src/stm32f4xx_hal_gpio.o
 .debug_frame   0x0000000000000f28      0x1ec ./Drivers/STM32F4xx_HAL_Driver/Src/stm32f4xx_hal_rcc.o
 .debug_frame   0x0000000000001114      0x824 ./Drivers/STM32F4xx_HAL_Driver/Src/stm32f4xx_hal_spi.o
 .debug_frame   0x0000000000001938      0x92c ./Drivers/STM32F4xx_HAL_Driver/Src/stm32f4xx_hal_uart.o
 .debug_frame   0x0000000000002264       0x4c ./FATFS/App/fatfs.o
 .debug_frame   0x00000000000022b0       0xc4 ./FATFS/Target/user_diskio.o
 .debug_frame   0x0000000000002374       0xec ./Middlewares/Third_Party/FatFs/src/diskio.o
 .debug_frame   0x0000000000002460      0xa0c ./Middlewares/Third_Party/FatFs/src/ff.o
 .debug_frame   0x0000000000002e6c       0xc8 ./Middlewares/Third_Party/FatFs/src/ff_gen_drv.o
 .debug_frame   0x0000000000002f34       0x60 ./Middlewares/Third_Party/FatFs/src/option/ccsbcs.o
 .debug_frame   0x0000000000002f94       0x20 c:/st/stm32cubeide_1.7.0/stm32cubeide/plugins/com.st.stm32cube.ide.mcu.externaltools.gnu-tools-for-stm32.9-2020-q2-update.win32_2.0.0.202105311346/tools/bin/../lib/gcc/arm-none-eabi/9.3.1/../../../../arm-none-eabi/lib/thumb/v7e-m+fp/hard\libc_nano.a(lib_a-errno.o)
 .debug_frame   0x0000000000002fb4       0x2c c:/st/stm32cubeide_1.7.0/stm32cubeide/plugins/com.st.stm32cube.ide.mcu.externaltools.gnu-tools-for-stm32.9-2020-q2-update.win32_2.0.0.202105311346/tools/bin/../lib/gcc/arm-none-eabi/9.3.1/../../../../arm-none-eabi/lib/thumb/v7e-m+fp/hard\libc_nano.a(lib_a-init.o)
 .debug_frame   0x0000000000002fe0       0x20 c:/st/stm32cubeide_1.7.0/stm32cubeide/plugins/com.st.stm32cube.ide.mcu.externaltools.gnu-tools-for-stm32.9-2020-q2-update.win32_2.0.0.202105311346/tools/bin/../lib/gcc/arm-none-eabi/9.3.1/../../../../arm-none-eabi/lib/thumb/v7e-m+fp/hard\libc_nano.a(lib_a-memset.o)
 .debug_frame   0x0000000000003000       0x6c c:/st/stm32cubeide_1.7.0/stm32cubeide/plugins/com.st.stm32cube.ide.mcu.externaltools.gnu-tools-for-stm32.9-2020-q2-update.win32_2.0.0.202105311346/tools/bin/../lib/gcc/arm-none-eabi/9.3.1/../../../../arm-none-eabi/lib/thumb/v7e-m+fp/hard\libc_nano.a(lib_a-sprintf.o)
 .debug_frame   0x000000000000306c       0x90 c:/st/stm32cubeide_1.7.0/stm32cubeide/plugins/com.st.stm32cube.ide.mcu.externaltools.gnu-tools-for-stm32.9-2020-q2-update.win32_2.0.0.202105311346/tools/bin/../lib/gcc/arm-none-eabi/9.3.1/../../../../arm-none-eabi/lib/thumb/v7e-m+fp/hard\libc_nano.a(lib_a-nano-svfprintf.o)
 .debug_frame   0x00000000000030fc       0x60 c:/st/stm32cubeide_1.7.0/stm32cubeide/plugins/com.st.stm32cube.ide.mcu.externaltools.gnu-tools-for-stm32.9-2020-q2-update.win32_2.0.0.202105311346/tools/bin/../lib/gcc/arm-none-eabi/9.3.1/../../../../arm-none-eabi/lib/thumb/v7e-m+fp/hard\libc_nano.a(lib_a-nano-vfprintf_i.o)